Archive member included to satisfy reference by file (symbol)

/usr/lib/gcc/arm-none-eabi/12.2.0/thumb/v6-m/nofp/libgcc.a(_dvmd_tls.o)
                              CMakeFiles/weight-measurer.dir/usr/share/pico-sdk/src/rp2_common/pico_divider/divider.S.obj (__aeabi_idiv0)
/usr/lib/gcc/arm-none-eabi/12.2.0/../../../../arm-none-eabi/lib/thumb/v6-m/nofp/libc.a(libc_a-atexit.o)
                              /usr/lib/gcc/arm-none-eabi/12.2.0/../../../../arm-none-eabi/lib/thumb/v6-m/nofp/crt0.o (atexit)
/usr/lib/gcc/arm-none-eabi/12.2.0/../../../../arm-none-eabi/lib/thumb/v6-m/nofp/libc.a(libc_a-calloc.o)
                              CMakeFiles/weight-measurer.dir/usr/share/pico-sdk/src/rp2_common/pico_malloc/pico_malloc.c.obj (calloc)
/usr/lib/gcc/arm-none-eabi/12.2.0/../../../../arm-none-eabi/lib/thumb/v6-m/nofp/libc.a(libc_a-callocr.o)
                              /usr/lib/gcc/arm-none-eabi/12.2.0/../../../../arm-none-eabi/lib/thumb/v6-m/nofp/libc.a(libc_a-calloc.o) (_calloc_r)
/usr/lib/gcc/arm-none-eabi/12.2.0/../../../../arm-none-eabi/lib/thumb/v6-m/nofp/libc.a(libc_a-malloc.o)
                              CMakeFiles/weight-measurer.dir/usr/share/pico-sdk/src/rp2_common/pico_malloc/pico_malloc.c.obj (malloc)
/usr/lib/gcc/arm-none-eabi/12.2.0/../../../../arm-none-eabi/lib/thumb/v6-m/nofp/libc.a(libc_a-mallocr.o)
                              /usr/lib/gcc/arm-none-eabi/12.2.0/../../../../arm-none-eabi/lib/thumb/v6-m/nofp/libc.a(libc_a-callocr.o) (_malloc_r)
/usr/lib/gcc/arm-none-eabi/12.2.0/../../../../arm-none-eabi/lib/thumb/v6-m/nofp/libc.a(libc_a-mlock.o)
                              /usr/lib/gcc/arm-none-eabi/12.2.0/../../../../arm-none-eabi/lib/thumb/v6-m/nofp/libc.a(libc_a-mallocr.o) (__malloc_lock)
/usr/lib/gcc/arm-none-eabi/12.2.0/../../../../arm-none-eabi/lib/thumb/v6-m/nofp/libc.a(libc_a-realloc.o)
                              CMakeFiles/weight-measurer.dir/usr/share/pico-sdk/src/rp2_common/pico_malloc/pico_malloc.c.obj (realloc)
/usr/lib/gcc/arm-none-eabi/12.2.0/../../../../arm-none-eabi/lib/thumb/v6-m/nofp/libc.a(libc_a-reallocr.o)
                              /usr/lib/gcc/arm-none-eabi/12.2.0/../../../../arm-none-eabi/lib/thumb/v6-m/nofp/libc.a(libc_a-realloc.o) (_realloc_r)
/usr/lib/gcc/arm-none-eabi/12.2.0/../../../../arm-none-eabi/lib/thumb/v6-m/nofp/libc.a(libc_a-memmove.o)
                              /usr/lib/gcc/arm-none-eabi/12.2.0/../../../../arm-none-eabi/lib/thumb/v6-m/nofp/libc.a(libc_a-reallocr.o) (memmove)
/usr/lib/gcc/arm-none-eabi/12.2.0/../../../../arm-none-eabi/lib/thumb/v6-m/nofp/libc.a(libc_a-impure.o)
                              /usr/lib/gcc/arm-none-eabi/12.2.0/../../../../arm-none-eabi/lib/thumb/v6-m/nofp/libc.a(libc_a-calloc.o) (_impure_ptr)
/usr/lib/gcc/arm-none-eabi/12.2.0/../../../../arm-none-eabi/lib/thumb/v6-m/nofp/libc.a(libc_a-sbrkr.o)
                              /usr/lib/gcc/arm-none-eabi/12.2.0/../../../../arm-none-eabi/lib/thumb/v6-m/nofp/libc.a(libc_a-mallocr.o) (_sbrk_r)
/usr/lib/gcc/arm-none-eabi/12.2.0/../../../../arm-none-eabi/lib/thumb/v6-m/nofp/libc.a(libc_a-errno.o)
                              /usr/lib/gcc/arm-none-eabi/12.2.0/../../../../arm-none-eabi/lib/thumb/v6-m/nofp/libc.a(libc_a-callocr.o) (__errno)
/usr/lib/gcc/arm-none-eabi/12.2.0/../../../../arm-none-eabi/lib/thumb/v6-m/nofp/libc.a(libc_a-init.o)
                              /usr/lib/gcc/arm-none-eabi/12.2.0/../../../../arm-none-eabi/lib/thumb/v6-m/nofp/crt0.o (__libc_init_array)
/usr/lib/gcc/arm-none-eabi/12.2.0/../../../../arm-none-eabi/lib/thumb/v6-m/nofp/libc.a(libc_a-fini.o)
                              /usr/lib/gcc/arm-none-eabi/12.2.0/../../../../arm-none-eabi/lib/thumb/v6-m/nofp/crt0.o (__libc_fini_array)
/usr/lib/gcc/arm-none-eabi/12.2.0/../../../../arm-none-eabi/lib/thumb/v6-m/nofp/libc.a(libc_a-lock.o)
                              /usr/lib/gcc/arm-none-eabi/12.2.0/../../../../arm-none-eabi/lib/thumb/v6-m/nofp/libc.a(libc_a-mlock.o) (__retarget_lock_acquire_recursive)
/usr/lib/gcc/arm-none-eabi/12.2.0/../../../../arm-none-eabi/lib/thumb/v6-m/nofp/libc.a(libc_a-sysconf.o)
                              /usr/lib/gcc/arm-none-eabi/12.2.0/../../../../arm-none-eabi/lib/thumb/v6-m/nofp/libc.a(libc_a-mallocr.o) (sysconf)
/usr/lib/gcc/arm-none-eabi/12.2.0/../../../../arm-none-eabi/lib/thumb/v6-m/nofp/libc.a(libc_a-strlen-stub.o)
                              CMakeFiles/weight-measurer.dir/usr/share/pico-sdk/src/rp2_common/pico_stdio/stdio.c.obj (strlen)
/usr/lib/gcc/arm-none-eabi/12.2.0/../../../../arm-none-eabi/lib/thumb/v6-m/nofp/libc.a(libc_a-__atexit.o)
                              /usr/lib/gcc/arm-none-eabi/12.2.0/../../../../arm-none-eabi/lib/thumb/v6-m/nofp/libc.a(libc_a-atexit.o) (__register_exitproc)
/usr/lib/gcc/arm-none-eabi/12.2.0/../../../../arm-none-eabi/lib/thumb/v6-m/nofp/libc.a(libc_a-__call_atexit.o)
                              /usr/lib/gcc/arm-none-eabi/12.2.0/../../../../arm-none-eabi/lib/thumb/v6-m/nofp/libc.a(libc_a-__atexit.o) (__atexit_recursive_mutex)
[...]
Memory Configuration

Name             Origin             Length             Attributes
FLASH            0x0000000010000000 0x0000000000200000 xr
RAM              0x0000000020000000 0x0000000000040000 xrw
SCRATCH_X        0x0000000020040000 0x0000000000001000 xrw
SCRATCH_Y        0x0000000020041000 0x0000000000001000 xrw
*default*        0x0000000000000000 0xffffffffffffffff

Linker script and memory map

LOAD /usr/lib/gcc/arm-none-eabi/12.2.0/thumb/v6-m/nofp/crti.o
LOAD /usr/lib/gcc/arm-none-eabi/12.2.0/thumb/v6-m/nofp/crtbegin.o
LOAD /usr/lib/gcc/arm-none-eabi/12.2.0/../../../../arm-none-eabi/lib/thumb/v6-m/nofp/crt0.o

.flash_begin    0x0000000010000000        0x0
                0x0000000010000000                __flash_binary_start = .

.boot2          0x0000000010000000      0x100
                0x0000000010000000                __boot2_start__ = .
 *(.boot2)
 .boot2         0x0000000010000000      0x100 /tmp/cci49Hhf.o
                0x0000000010000100                __boot2_end__ = .
                0x0000000000000001                ASSERT (((__boot2_end__ - __boot2_start__) == 0x100), ERROR: Pico second stage bootloader must be 256 bytes in size)

.text           0x0000000010000100     0x6c58
                0x0000000010000100                __logical_binary_start = .
 *(.vectors)
 .vectors       0x0000000010000100       0xd4 CMakeFiles/weight-measurer.dir/usr/share/pico-sdk/src/rp2_common/pico_standard_link/crt0.S.obj
                0x0000000010000100                __vectors
                0x0000000010000100                __VECTOR_TABLE
                0x00000000100001c0                isr_invalid
                0x00000000100001c0                __default_isrs_start
                0x00000000100001c2                isr_nmi
                0x00000000100001c4                isr_hardfault
                0x00000000100001c6                isr_svcall
                0x00000000100001c8                isr_pendsv
                0x00000000100001ca                isr_systick
                0x00000000100001cc                isr_irq30
                0x00000000100001cc                __unhandled_user_irq
                0x00000000100001cc                isr_irq13
                0x00000000100001cc                isr_irq27
                0x00000000100001cc                isr_irq31
                0x00000000100001cc                isr_irq5
                0x00000000100001cc                isr_irq11
                0x00000000100001cc                isr_irq23
                0x00000000100001cc                isr_irq18
                0x00000000100001cc                isr_irq28
                0x00000000100001cc                isr_irq19
                0x00000000100001cc                isr_irq0
                0x00000000100001cc                isr_irq6
                0x00000000100001cc                isr_irq22
                0x00000000100001cc                isr_irq17
                0x00000000100001cc                isr_irq14
                0x00000000100001cc                isr_irq2
                0x00000000100001cc                isr_irq10
                0x00000000100001cc                isr_irq8
                0x00000000100001cc                isr_irq24
                0x00000000100001cc                isr_irq1
                0x00000000100001cc                isr_irq7
                0x00000000100001cc                isr_irq21
                0x00000000100001cc                isr_irq20
                0x00000000100001cc                isr_irq15
                0x00000000100001cc                isr_irq25
                0x00000000100001cc                isr_irq4
                0x00000000100001cc                isr_irq16
                0x00000000100001cc                isr_irq29
                0x00000000100001cc                isr_irq26
                0x00000000100001cc                __default_isrs_end
                0x00000000100001cc                isr_irq3
                0x00000000100001cc                isr_irq12
                0x00000000100001cc                isr_irq9
                0x00000000100001d2                unhandled_user_irq_num_in_r0
 *(.binary_info_header)
 .binary_info_header
                0x00000000100001d4       0x14 CMakeFiles/weight-measurer.dir/usr/share/pico-sdk/src/rp2_common/pico_standard_link/crt0.S.obj
                0x00000000100001e8                __binary_info_header_end = .
 *(.reset)
 .reset         0x00000000100001e8       0xa0 CMakeFiles/weight-measurer.dir/usr/share/pico-sdk/src/rp2_common/pico_standard_link/crt0.S.obj
                0x00000000100001e8                _entry_point
 .reset         0x0000000010000288       0x30 CMakeFiles/weight-measurer.dir/usr/share/pico-sdk/src/rp2_common/pico_standard_link/binary_info.c.obj
 *(.init)
 .init          0x00000000100002b8        0x4 /usr/lib/gcc/arm-none-eabi/12.2.0/thumb/v6-m/nofp/crti.o
                0x00000000100002b8                _init
 *(EXCLUDE_FILE(*libm.a: *libc.a:*lib_a-mem*.o *libgcc.a:) .text*)
 .text.frame_dummy
                0x00000000100002bc       0x20 /usr/lib/gcc/arm-none-eabi/12.2.0/thumb/v6-m/nofp/crtbegin.o
 .text.loop     0x00000000100002dc      0x1a4 CMakeFiles/weight-measurer.dir/main.c.obj
                0x00000000100002dc                loop
 .text.startup.main
                0x0000000010000480       0x7c CMakeFiles/weight-measurer.dir/main.c.obj
                0x0000000010000480                main
 .text.gpio_set_function
                0x00000000100004fc       0x30 CMakeFiles/weight-measurer.dir/usr/share/pico-sdk/src/rp2_common/hardware_gpio/gpio.c.obj
                0x00000000100004fc                gpio_set_function
 .text.gpio_set_pulls
                0x000000001000052c       0x24 CMakeFiles/weight-measurer.dir/usr/share/pico-sdk/src/rp2_common/hardware_gpio/gpio.c.obj
                0x000000001000052c                gpio_set_pulls
 .text.gpio_set_input_enabled
                0x0000000010000550       0x28 CMakeFiles/weight-measurer.dir/usr/share/pico-sdk/src/rp2_common/hardware_gpio/gpio.c.obj
                0x0000000010000550                gpio_set_input_enabled
 .text.gpio_init
                0x0000000010000578       0x3c CMakeFiles/weight-measurer.dir/usr/share/pico-sdk/src/rp2_common/hardware_gpio/gpio.c.obj
                0x0000000010000578                gpio_init
 .text.running_on_fpga
                0x00000000100005b4       0x10 CMakeFiles/weight-measurer.dir/usr/share/pico-sdk/src/rp2_common/pico_platform/platform.c.obj
                0x00000000100005b4                running_on_fpga
 .text.hw_claim_or_assert
                0x00000000100005c4       0x44 CMakeFiles/weight-measurer.dir/usr/share/pico-sdk/src/rp2_common/hardware_claim/claim.c.obj
                0x00000000100005c4                hw_claim_or_assert
 .text.hw_claim_unused_from_range
                0x0000000010000608       0x9c CMakeFiles/weight-measurer.dir/usr/share/pico-sdk/src/rp2_common/hardware_claim/claim.c.obj
                0x0000000010000608                hw_claim_unused_from_range
 .text.spin_locks_reset
                0x00000000100006a4       0x1c CMakeFiles/weight-measurer.dir/usr/share/pico-sdk/src/rp2_common/hardware_sync/sync.c.obj
                0x00000000100006a4                spin_locks_reset
 .text.next_striped_spin_lock_num
                0x00000000100006c0       0x18 CMakeFiles/weight-measurer.dir/usr/share/pico-sdk/src/rp2_common/hardware_sync/sync.c.obj
                0x00000000100006c0                next_striped_spin_lock_num
 .text.spin_lock_claim_unused
                0x00000000100006d8       0x24 CMakeFiles/weight-measurer.dir/usr/share/pico-sdk/src/rp2_common/hardware_sync/sync.c.obj
                0x00000000100006d8                spin_lock_claim_unused
 .text.irq_set_enabled
                0x00000000100006fc       0x24 CMakeFiles/weight-measurer.dir/usr/share/pico-sdk/src/rp2_common/hardware_irq/irq.c.obj
                0x00000000100006fc                irq_set_enabled
 .text.irq_set_pending
                0x0000000010000720       0x10 CMakeFiles/weight-measurer.dir/usr/share/pico-sdk/src/rp2_common/hardware_irq/irq.c.obj
                0x0000000010000720                irq_set_pending
 .text.irq_has_shared_handler
                0x0000000010000730       0x2c CMakeFiles/weight-measurer.dir/usr/share/pico-sdk/src/rp2_common/hardware_irq/irq.c.obj
                0x0000000010000730                irq_has_shared_handler
 .text.irq_get_vtable_handler
                0x000000001000075c       0x10 CMakeFiles/weight-measurer.dir/usr/share/pico-sdk/src/rp2_common/hardware_irq/irq.c.obj
                0x000000001000075c                irq_get_vtable_handler
 .text.irq_set_exclusive_handler
                0x000000001000076c       0x54 CMakeFiles/weight-measurer.dir/usr/share/pico-sdk/src/rp2_common/hardware_irq/irq.c.obj
                0x000000001000076c                irq_set_exclusive_handler
 .text.irq_add_shared_handler
                0x00000000100007c0      0x1e0 CMakeFiles/weight-measurer.dir/usr/share/pico-sdk/src/rp2_common/hardware_irq/irq.c.obj
                0x00000000100007c0                irq_add_shared_handler
 .text.irq_remove_handler
                0x00000000100009a0      0x1c4 CMakeFiles/weight-measurer.dir/usr/share/pico-sdk/src/rp2_common/hardware_irq/irq.c.obj
                0x00000000100009a0                irq_remove_handler
 .text.irq_add_tail_to_free_list
                0x0000000010000b64       0xb4 CMakeFiles/weight-measurer.dir/usr/share/pico-sdk/src/rp2_common/hardware_irq/irq.c.obj
                0x0000000010000b64                irq_add_tail_to_free_list
 .text.irq_init_priorities
                0x0000000010000c18       0x24 CMakeFiles/weight-measurer.dir/usr/share/pico-sdk/src/rp2_common/hardware_irq/irq.c.obj
                0x0000000010000c18                irq_init_priorities
 .text.user_irq_claim_unused
                0x0000000010000c3c       0x2c CMakeFiles/weight-measurer.dir/usr/share/pico-sdk/src/rp2_common/hardware_irq/irq.c.obj
                0x0000000010000c3c                user_irq_claim_unused
 .text.lock_init
                0x0000000010000c68       0x10 CMakeFiles/weight-measurer.dir/usr/share/pico-sdk/src/common/pico_sync/lock_core.c.obj
                0x0000000010000c68                lock_init
 .text.mutex_init
                0x0000000010000c78       0x1c CMakeFiles/weight-measurer.dir/usr/share/pico-sdk/src/common/pico_sync/mutex.c.obj
                0x0000000010000c78                mutex_init
 .text.recursive_mutex_init
                0x0000000010000c94       0x1c CMakeFiles/weight-measurer.dir/usr/share/pico-sdk/src/common/pico_sync/mutex.c.obj
                0x0000000010000c94                recursive_mutex_init
 .text.critical_section_init
                0x0000000010000cb0       0x1c CMakeFiles/weight-measurer.dir/usr/share/pico-sdk/src/common/pico_sync/critical_section.c.obj
                0x0000000010000cb0                critical_section_init
 .text.critical_section_init_with_lock_num
                0x0000000010000ccc       0x14 CMakeFiles/weight-measurer.dir/usr/share/pico-sdk/src/common/pico_sync/critical_section.c.obj
                0x0000000010000ccc                critical_section_init_with_lock_num
 .text.timer_pool_entry_comparator
                0x0000000010000ce0       0x34 CMakeFiles/weight-measurer.dir/usr/share/pico-sdk/src/common/pico_time/time.c.obj
                0x0000000010000ce0                timer_pool_entry_comparator
 .text.sleep_until_callback
                0x0000000010000d14       0x30 CMakeFiles/weight-measurer.dir/usr/share/pico-sdk/src/common/pico_time/time.c.obj
 .text.add_alarm_under_lock.isra.0
                0x0000000010000d44       0xf8 CMakeFiles/weight-measurer.dir/usr/share/pico-sdk/src/common/pico_time/time.c.obj
 .text.alarm_pool_alarm_callback
                0x0000000010000e3c      0x1bc CMakeFiles/weight-measurer.dir/usr/share/pico-sdk/src/common/pico_time/time.c.obj
 .text.alarm_pool_init_default
                0x0000000010000ff8       0x6c CMakeFiles/weight-measurer.dir/usr/share/pico-sdk/src/common/pico_time/time.c.obj
                0x0000000010000ff8                alarm_pool_init_default
 .text.alarm_pool_get_default
                0x0000000010001064        0x8 CMakeFiles/weight-measurer.dir/usr/share/pico-sdk/src/common/pico_time/time.c.obj
                0x0000000010001064                alarm_pool_get_default
 .text.alarm_pool_add_alarm_at
                0x000000001000106c      0x17c CMakeFiles/weight-measurer.dir/usr/share/pico-sdk/src/common/pico_time/time.c.obj
                0x000000001000106c                alarm_pool_add_alarm_at
 .text.alarm_pool_cancel_alarm
                0x00000000100011e8       0x68 CMakeFiles/weight-measurer.dir/usr/share/pico-sdk/src/common/pico_time/time.c.obj
                0x00000000100011e8                alarm_pool_cancel_alarm
 .text.alarm_pool_core_num
                0x0000000010001250        0x4 CMakeFiles/weight-measurer.dir/usr/share/pico-sdk/src/common/pico_time/time.c.obj
                0x0000000010001250                alarm_pool_core_num
 .text.sleep_until
                0x0000000010001254       0xc4 CMakeFiles/weight-measurer.dir/usr/share/pico-sdk/src/common/pico_time/time.c.obj
                0x0000000010001254                sleep_until
 .text.sleep_ms
                0x0000000010001318       0x38 CMakeFiles/weight-measurer.dir/usr/share/pico-sdk/src/common/pico_time/time.c.obj
                0x0000000010001318                sleep_ms
 .text.best_effort_wfe_or_timeout
                0x0000000010001350       0x60 CMakeFiles/weight-measurer.dir/usr/share/pico-sdk/src/common/pico_time/time.c.obj
                0x0000000010001350                best_effort_wfe_or_timeout
 .text.hardware_alarm_irq_handler
                0x00000000100013b0       0xbc CMakeFiles/weight-measurer.dir/usr/share/pico-sdk/src/rp2_common/hardware_timer/timer.c.obj
 .text.hardware_alarm_claim
                0x000000001000146c       0x18 CMakeFiles/weight-measurer.dir/usr/share/pico-sdk/src/rp2_common/hardware_timer/timer.c.obj
                0x000000001000146c                hardware_alarm_claim
 .text.time_us_64
                0x0000000010001484       0x14 CMakeFiles/weight-measurer.dir/usr/share/pico-sdk/src/rp2_common/hardware_timer/timer.c.obj
                0x0000000010001484                time_us_64
 .text.busy_wait_until
                0x0000000010001498       0x20 CMakeFiles/weight-measurer.dir/usr/share/pico-sdk/src/rp2_common/hardware_timer/timer.c.obj
                0x0000000010001498                busy_wait_until
 .text.hardware_alarm_set_callback
                0x00000000100014b8       0x8c CMakeFiles/weight-measurer.dir/usr/share/pico-sdk/src/rp2_common/hardware_timer/timer.c.obj
                0x00000000100014b8                hardware_alarm_set_callback
 .text.hardware_alarm_set_target
                0x0000000010001544       0xdc CMakeFiles/weight-measurer.dir/usr/share/pico-sdk/src/rp2_common/hardware_timer/timer.c.obj
                0x0000000010001544                hardware_alarm_set_target
 .text.hardware_alarm_cancel
                0x0000000010001620       0x3c CMakeFiles/weight-measurer.dir/usr/share/pico-sdk/src/rp2_common/hardware_timer/timer.c.obj
                0x0000000010001620                hardware_alarm_cancel
 .text.ph_merge_nodes
                0x000000001000165c       0x58 CMakeFiles/weight-measurer.dir/usr/share/pico-sdk/src/common/pico_util/pheap.c.obj
 .text.ph_post_alloc_init
                0x00000000100016b4       0x3c CMakeFiles/weight-measurer.dir/usr/share/pico-sdk/src/common/pico_util/pheap.c.obj
                0x00000000100016b4                ph_post_alloc_init
 .text.ph_merge_two_pass
                0x00000000100016f0       0x8c CMakeFiles/weight-measurer.dir/usr/share/pico-sdk/src/common/pico_util/pheap.c.obj
                0x00000000100016f0                ph_merge_two_pass
 .text.ph_remove_any_head
                0x000000001000177c      0x100 CMakeFiles/weight-measurer.dir/usr/share/pico-sdk/src/common/pico_util/pheap.c.obj
 .text.ph_remove_head
                0x000000001000187c      0x104 CMakeFiles/weight-measurer.dir/usr/share/pico-sdk/src/common/pico_util/pheap.c.obj
                0x000000001000187c                ph_remove_head
 .text.ph_remove_and_free_node
                0x0000000010001980       0x78 CMakeFiles/weight-measurer.dir/usr/share/pico-sdk/src/common/pico_util/pheap.c.obj
                0x0000000010001980                ph_remove_and_free_node
 .text.clocks_init
                0x00000000100019f8      0x2b4 CMakeFiles/weight-measurer.dir/usr/share/pico-sdk/src/rp2_common/hardware_clocks/clocks.c.obj
                0x00000000100019f8                clocks_init
 .text.pll_init
                0x0000000010001cac       0xa8 CMakeFiles/weight-measurer.dir/usr/share/pico-sdk/src/rp2_common/hardware_pll/pll.c.obj
                0x0000000010001cac                pll_init
 .text.watchdog_start_tick
                0x0000000010001d54       0x10 CMakeFiles/weight-measurer.dir/usr/share/pico-sdk/src/rp2_common/hardware_watchdog/watchdog.c.obj
                0x0000000010001d54                watchdog_start_tick
 .text.watchdog_reboot
                0x0000000010001d64       0x9c CMakeFiles/weight-measurer.dir/usr/share/pico-sdk/src/rp2_common/hardware_watchdog/watchdog.c.obj
                0x0000000010001d64                watchdog_reboot
 .text.xosc_init
                0x0000000010001e00       0x28 CMakeFiles/weight-measurer.dir/usr/share/pico-sdk/src/rp2_common/hardware_xosc/xosc.c.obj
                0x0000000010001e00                xosc_init
 .text.runtime_init
                0x0000000010001e28       0xec CMakeFiles/weight-measurer.dir/usr/share/pico-sdk/src/rp2_common/pico_runtime/runtime.c.obj
                0x0000000010001e28                runtime_init
 .text._exit    0x0000000010001f14        0x4 CMakeFiles/weight-measurer.dir/usr/share/pico-sdk/src/rp2_common/pico_runtime/runtime.c.obj
                0x0000000010001f14                _exit
 .text.exit     0x0000000010001f18        0x8 CMakeFiles/weight-measurer.dir/usr/share/pico-sdk/src/rp2_common/pico_runtime/runtime.c.obj
                0x0000000010001f18                exit
 .text.panic    0x0000000010001f20       0x30 CMakeFiles/weight-measurer.dir/usr/share/pico-sdk/src/rp2_common/pico_runtime/runtime.c.obj
                0x0000000010001f20                panic
 .text.hard_assertion_failure
                0x0000000010001f50        0xc CMakeFiles/weight-measurer.dir/usr/share/pico-sdk/src/rp2_common/pico_runtime/runtime.c.obj
                0x0000000010001f50                hard_assertion_failure
 .text._out_null
                0x0000000010001f5c        0x4 CMakeFiles/weight-measurer.dir/usr/share/pico-sdk/src/rp2_common/pico_printf/printf.c.obj
 .text._out_rev
                0x0000000010001f60       0x90 CMakeFiles/weight-measurer.dir/usr/share/pico-sdk/src/rp2_common/pico_printf/printf.c.obj
 .text._ntoa_format
                0x0000000010001ff0      0x208 CMakeFiles/weight-measurer.dir/usr/share/pico-sdk/src/rp2_common/pico_printf/printf.c.obj
 .text._out_char
                0x00000000100021f8       0x10 CMakeFiles/weight-measurer.dir/usr/share/pico-sdk/src/rp2_common/pico_printf/printf.c.obj
 .text._out_fct
                0x0000000010002208       0x10 CMakeFiles/weight-measurer.dir/usr/share/pico-sdk/src/rp2_common/pico_printf/printf.c.obj
 .text._etoa    0x0000000010002218      0x464 CMakeFiles/weight-measurer.dir/usr/share/pico-sdk/src/rp2_common/pico_printf/printf.c.obj
 .text._ftoa    0x000000001000267c      0x3c4 CMakeFiles/weight-measurer.dir/usr/share/pico-sdk/src/rp2_common/pico_printf/printf.c.obj
 .text._vsnprintf
                0x0000000010002a40      0xc18 CMakeFiles/weight-measurer.dir/usr/share/pico-sdk/src/rp2_common/pico_printf/printf.c.obj
 .text.vfctprintf
                0x0000000010003658       0x20 CMakeFiles/weight-measurer.dir/usr/share/pico-sdk/src/rp2_common/pico_printf/printf.c.obj
                0x0000000010003658                vfctprintf
 .text.weak_raw_vprintf
                0x0000000010003678       0x30 CMakeFiles/weight-measurer.dir/usr/share/pico-sdk/src/rp2_common/pico_printf/printf.c.obj
                0x0000000010003678                weak_raw_vprintf
 .text          0x00000000100036a8       0x10 CMakeFiles/weight-measurer.dir/usr/share/pico-sdk/src/rp2_common/pico_bit_ops/bit_ops_aeabi.S.obj
 .text.rom_func_lookup
                0x00000000100036b8       0x10 CMakeFiles/weight-measurer.dir/usr/share/pico-sdk/src/rp2_common/pico_bootrom/bootrom.c.obj
                0x00000000100036b8                rom_func_lookup
 .text.rom_data_lookup
                0x00000000100036c8       0x10 CMakeFiles/weight-measurer.dir/usr/share/pico-sdk/src/rp2_common/pico_bootrom/bootrom.c.obj
                0x00000000100036c8                rom_data_lookup
 .text.rom_funcs_lookup
                0x00000000100036d8       0x44 CMakeFiles/weight-measurer.dir/usr/share/pico-sdk/src/rp2_common/pico_bootrom/bootrom.c.obj
                0x00000000100036d8                rom_funcs_lookup
 .text.__wrap___aeabi_idiv
                0x000000001000371c       0x50 CMakeFiles/weight-measurer.dir/usr/share/pico-sdk/src/rp2_common/pico_divider/divider.S.obj
                0x000000001000371c                __wrap___aeabi_idivmod
                0x000000001000371c                divmod_s32s32
                0x000000001000371c                div_s32s32
                0x000000001000371c                __wrap___aeabi_idiv
                0x0000000010003724                divmod_s32s32_unsafe
                0x0000000010003750                divmod_s32s32_savestate
 .text.__wrap___aeabi_uidiv
                0x000000001000376c       0x4c CMakeFiles/weight-measurer.dir/usr/share/pico-sdk/src/rp2_common/pico_divider/divider.S.obj
                0x000000001000376c                __wrap___aeabi_uidiv
                0x000000001000376c                __wrap___aeabi_uidivmod
                0x000000001000376c                div_u32u32
                0x000000001000376c                divmod_u32u32
                0x0000000010003774                divmod_u32u32_unsafe
                0x000000001000379c                divmod_u32u32_savestate
 .text.__wrap___aeabi_ldiv
                0x00000000100037b8      0x424 CMakeFiles/weight-measurer.dir/usr/share/pico-sdk/src/rp2_common/pico_divider/divider.S.obj
                0x00000000100037b8                div_s64s64
                0x00000000100037b8                divmod_s64s64
                0x00000000100037b8                __wrap___aeabi_ldivmod
                0x00000000100037e8                div_u64u64
                0x00000000100037e8                divmod_u64u64
                0x00000000100037e8                __wrap___aeabi_uldivmod
                0x00000000100037f8                divmod_u64u64_savestate
                0x0000000010003818                divmod_s64s64_unsafe
                0x00000000100038a0                divmod_u64u64_unsafe
 .text.__wrap___aeabi_darithmetic
                0x0000000010003bdc       0x80 CMakeFiles/weight-measurer.dir/usr/share/pico-sdk/src/rp2_common/pico_double/double_aeabi.S.obj
                0x0000000010003bdc                __wrap___aeabi_drsub
                0x0000000010003be2                __wrap___aeabi_dsub
                0x0000000010003bf4                __wrap___aeabi_dadd
                0x0000000010003c06                __wrap___aeabi_ddiv
                0x0000000010003c42                __wrap___aeabi_dmul
 .text.__wrap___aeabi_cdcmple
                0x0000000010003c5c       0x6c CMakeFiles/weight-measurer.dir/usr/share/pico-sdk/src/rp2_common/pico_double/double_aeabi.S.obj
                0x0000000010003c5c                __wrap___aeabi_cdrcmple
                0x0000000010003c6c                __wrap___aeabi_cdcmple
                0x0000000010003c6c                __wrap___aeabi_cdcmpeq
 .text.__wrap___aeabi_dcmplt
                0x0000000010003cc8        0xc CMakeFiles/weight-measurer.dir/usr/share/pico-sdk/src/rp2_common/pico_double/double_aeabi.S.obj
                0x0000000010003cc8                __wrap___aeabi_dcmplt
 .text.__wrap___aeabi_dcmple
                0x0000000010003cd4       0x10 CMakeFiles/weight-measurer.dir/usr/share/pico-sdk/src/rp2_common/pico_double/double_aeabi.S.obj
                0x0000000010003cd4                __wrap___aeabi_dcmple
 .text.__wrap___aeabi_dcmpge
                0x0000000010003ce4       0x10 CMakeFiles/weight-measurer.dir/usr/share/pico-sdk/src/rp2_common/pico_double/double_aeabi.S.obj
                0x0000000010003ce4                __wrap___aeabi_dcmpge
 .text.__wrap___aeabi_dcmpgt
                0x0000000010003cf4        0xa CMakeFiles/weight-measurer.dir/usr/share/pico-sdk/src/rp2_common/pico_double/double_aeabi.S.obj
                0x0000000010003cf4                __wrap___aeabi_dcmpgt
 .text.__wrap___aeabi_dcmpun
                0x0000000010003cfe       0x1c CMakeFiles/weight-measurer.dir/usr/share/pico-sdk/src/rp2_common/pico_double/double_aeabi.S.obj
                0x0000000010003cfe                __wrap___aeabi_dcmpun
 *fill*         0x0000000010003d1a        0x2 
 .text.__wrap___aeabi_i2d
                0x0000000010003d1c       0x38 CMakeFiles/weight-measurer.dir/usr/share/pico-sdk/src/rp2_common/pico_double/double_aeabi.S.obj
                0x0000000010003d1c                __wrap___aeabi_ui2d
                0x0000000010003d24                __wrap___aeabi_i2d
 .text.__wrap___aeabi_d2iz
                0x0000000010003d54       0x48 CMakeFiles/weight-measurer.dir/usr/share/pico-sdk/src/rp2_common/pico_double/double_aeabi.S.obj
                0x0000000010003d54                __wrap___aeabi_d2iz
                0x0000000010003d54                double2int_z
 .text.__wrap___aeabi_d2uiz
                0x0000000010003d9c       0x18 CMakeFiles/weight-measurer.dir/usr/share/pico-sdk/src/rp2_common/pico_double/double_aeabi.S.obj
                0x0000000010003d9c                double2uint
                0x0000000010003d9c                __wrap___aeabi_d2uiz
 .text.__aeabi_double_init
                0x0000000010003db4       0x98 CMakeFiles/weight-measurer.dir/usr/share/pico-sdk/src/rp2_common/pico_double/double_init_rom.c.obj
                0x0000000010003db4                __aeabi_double_init
 .text.double_table_shim_on_use_helper
                0x0000000010003e4c       0x2c CMakeFiles/weight-measurer.dir/usr/share/pico-sdk/src/rp2_common/pico_double/double_v1_rom_shim.S.obj
                0x0000000010003e4c                double_table_shim_on_use_helper
 .text.__wrap___aeabi_dsub
                0x0000000010003e78       0x10 CMakeFiles/weight-measurer.dir/usr/share/pico-sdk/src/rp2_common/pico_double/double_v1_rom_shim.S.obj
                0x0000000010003e78                drsub_shim
                0x0000000010003e7e                dsub_shim
 .text.dadd_shim
                0x0000000010003e88      0x15c CMakeFiles/weight-measurer.dir/usr/share/pico-sdk/src/rp2_common/pico_double/double_v1_rom_shim.S.obj
                0x0000000010003e88                dadd_shim
 .text.dmul_shim
                0x0000000010003fe4      0x15c CMakeFiles/weight-measurer.dir/usr/share/pico-sdk/src/rp2_common/pico_double/double_v1_rom_shim.S.obj
                0x0000000010003fe4                dmul_shim
 .text.ddiv_shim
                0x0000000010004140      0x1b0 CMakeFiles/weight-measurer.dir/usr/share/pico-sdk/src/rp2_common/pico_double/double_v1_rom_shim.S.obj
                0x0000000010004140                ddiv_shim
 .text.double2uint_shim
                0x00000000100042f0        0xe CMakeFiles/weight-measurer.dir/usr/share/pico-sdk/src/rp2_common/pico_double/double_v1_rom_shim.S.obj
                0x00000000100042f0                double2uint_shim
                0x00000000100042f2                double2ufix_shim
 *fill*         0x00000000100042fe        0x2 
 .text.double2uint64_shim
                0x0000000010004300       0x70 CMakeFiles/weight-measurer.dir/usr/share/pico-sdk/src/rp2_common/pico_double/double_v1_rom_shim.S.obj
                0x0000000010004300                double2uint64_shim
                0x0000000010004302                double2ufix64_shim
                0x0000000010004322                d2fix_a
 .text.dunpacks
                0x0000000010004370       0x3c CMakeFiles/weight-measurer.dir/usr/share/pico-sdk/src/rp2_common/pico_double/double_v1_rom_shim.S.obj
                0x0000000010004370                dunpacks
 .text.__aeabi_lmul
                0x00000000100043ac       0x32 CMakeFiles/weight-measurer.dir/usr/share/pico-sdk/src/rp2_common/pico_int64_ops/pico_int64_ops_aeabi.S.obj
                0x00000000100043ac                __wrap___aeabi_lmul
 *fill*         0x00000000100043de        0x2 
 .text.__aeabi_float_init
                0x00000000100043e0       0x64 CMakeFiles/weight-measurer.dir/usr/share/pico-sdk/src/rp2_common/pico_float/float_init_rom.c.obj
                0x00000000100043e0                __aeabi_float_init
 .text.float_table_shim_on_use_helper
                0x0000000010004444       0x2c CMakeFiles/weight-measurer.dir/usr/share/pico-sdk/src/rp2_common/pico_float/float_v1_rom_shim.S.obj
                0x0000000010004444                float_table_shim_on_use_helper
 .text          0x0000000010004470       0x10 CMakeFiles/weight-measurer.dir/usr/share/pico-sdk/src/rp2_common/pico_mem_ops/mem_ops_aeabi.S.obj
                0x0000000010004470                __aeabi_mem_init
 .text.memset   0x0000000010004480        0xc CMakeFiles/weight-measurer.dir/usr/share/pico-sdk/src/rp2_common/pico_mem_ops/mem_ops_aeabi.S.obj
                0x0000000010004480                __wrap_memset
 .text.memcpy   0x000000001000448c        0xc CMakeFiles/weight-measurer.dir/usr/share/pico-sdk/src/rp2_common/pico_mem_ops/mem_ops_aeabi.S.obj
                0x000000001000448c                __wrap___aeabi_memcpy
                0x000000001000448c                __wrap_memcpy
 .text.stdio_out_chars_crlf
                0x0000000010004498       0x94 CMakeFiles/weight-measurer.dir/usr/share/pico-sdk/src/rp2_common/pico_stdio/stdio.c.obj
 .text.stdio_buffered_printer
                0x000000001000452c       0x64 CMakeFiles/weight-measurer.dir/usr/share/pico-sdk/src/rp2_common/pico_stdio/stdio.c.obj
 .text.__wrap_putchar
                0x0000000010004590       0x98 CMakeFiles/weight-measurer.dir/usr/share/pico-sdk/src/rp2_common/pico_stdio/stdio.c.obj
                0x0000000010004590                __wrap_putchar
 .text.__wrap_puts
                0x0000000010004628       0xe0 CMakeFiles/weight-measurer.dir/usr/share/pico-sdk/src/rp2_common/pico_stdio/stdio.c.obj
                0x0000000010004628                __wrap_puts
 .text.stdio_set_driver_enabled
                0x0000000010004708       0x30 CMakeFiles/weight-measurer.dir/usr/share/pico-sdk/src/rp2_common/pico_stdio/stdio.c.obj
                0x0000000010004708                stdio_set_driver_enabled
 .text.__wrap_vprintf
                0x0000000010004738       0xd4 CMakeFiles/weight-measurer.dir/usr/share/pico-sdk/src/rp2_common/pico_stdio/stdio.c.obj
                0x0000000010004738                __wrap_vprintf
 .text.__wrap_printf
                0x000000001000480c       0x18 CMakeFiles/weight-measurer.dir/usr/share/pico-sdk/src/rp2_common/pico_stdio/stdio.c.obj
                0x000000001000480c                __wrap_printf
 .text.stdio_init_all
                0x0000000010004824        0x8 CMakeFiles/weight-measurer.dir/usr/share/pico-sdk/src/rp2_common/pico_stdio/stdio.c.obj
                0x0000000010004824                stdio_init_all
 .text.resetd_init
                0x000000001000482c        0x4 CMakeFiles/weight-measurer.dir/usr/share/pico-sdk/src/rp2_common/pico_stdio_usb/reset_interface.c.obj
 .text.resetd_reset
                0x0000000010004830        0xc CMakeFiles/weight-measurer.dir/usr/share/pico-sdk/src/rp2_common/pico_stdio_usb/reset_interface.c.obj
 .text.resetd_open
                0x000000001000483c       0x28 CMakeFiles/weight-measurer.dir/usr/share/pico-sdk/src/rp2_common/pico_stdio_usb/reset_interface.c.obj
 .text.resetd_xfer_cb
                0x0000000010004864        0x4 CMakeFiles/weight-measurer.dir/usr/share/pico-sdk/src/rp2_common/pico_stdio_usb/reset_interface.c.obj
 .text.resetd_control_xfer_cb
                0x0000000010004868       0x60 CMakeFiles/weight-measurer.dir/usr/share/pico-sdk/src/rp2_common/pico_stdio_usb/reset_interface.c.obj
 .text.usbd_app_driver_get_cb
                0x00000000100048c8        0xc CMakeFiles/weight-measurer.dir/usr/share/pico-sdk/src/rp2_common/pico_stdio_usb/reset_interface.c.obj
                0x00000000100048c8                usbd_app_driver_get_cb
 .text.tud_cdc_line_coding_cb
                0x00000000100048d4       0x34 CMakeFiles/weight-measurer.dir/usr/share/pico-sdk/src/rp2_common/pico_stdio_usb/reset_interface.c.obj
                0x00000000100048d4                tud_cdc_line_coding_cb
 .text.stdio_usb_set_chars_available_callback
                0x0000000010004908       0x14 CMakeFiles/weight-measurer.dir/usr/share/pico-sdk/src/rp2_common/pico_stdio_usb/stdio_usb.c.obj
                0x0000000010004908                stdio_usb_set_chars_available_callback
 .text.usb_irq  0x000000001000491c       0x10 CMakeFiles/weight-measurer.dir/usr/share/pico-sdk/src/rp2_common/pico_stdio_usb/stdio_usb.c.obj
 .text.timer_task
                0x000000001000492c       0x54 CMakeFiles/weight-measurer.dir/usr/share/pico-sdk/src/rp2_common/pico_stdio_usb/stdio_usb.c.obj
 .text.stdio_usb_in_chars
                0x0000000010004980       0x90 CMakeFiles/weight-measurer.dir/usr/share/pico-sdk/src/rp2_common/pico_stdio_usb/stdio_usb.c.obj
                0x0000000010004980                stdio_usb_in_chars
 .text.stdio_usb_out_chars
                0x0000000010004a10      0x104 CMakeFiles/weight-measurer.dir/usr/share/pico-sdk/src/rp2_common/pico_stdio_usb/stdio_usb.c.obj
 .text.low_priority_worker_irq
                0x0000000010004b14       0xa8 CMakeFiles/weight-measurer.dir/usr/share/pico-sdk/src/rp2_common/pico_stdio_usb/stdio_usb.c.obj
 .text.tud_cdc_rx_cb
                0x0000000010004bbc       0x20 CMakeFiles/weight-measurer.dir/usr/share/pico-sdk/src/rp2_common/pico_stdio_usb/stdio_usb.c.obj
                0x0000000010004bbc                tud_cdc_rx_cb
 .text.stdio_usb_init
                0x0000000010004bdc       0xe0 CMakeFiles/weight-measurer.dir/usr/share/pico-sdk/src/rp2_common/pico_stdio_usb/stdio_usb.c.obj
                0x0000000010004bdc                stdio_usb_init
 .text.tud_descriptor_device_cb
                0x0000000010004cbc        0x8 CMakeFiles/weight-measurer.dir/usr/share/pico-sdk/src/rp2_common/pico_stdio_usb/stdio_usb_descriptors.c.obj
                0x0000000010004cbc                tud_descriptor_device_cb
 .text.tud_descriptor_configuration_cb
                0x0000000010004cc4        0x8 CMakeFiles/weight-measurer.dir/usr/share/pico-sdk/src/rp2_common/pico_stdio_usb/stdio_usb_descriptors.c.obj
                0x0000000010004cc4                tud_descriptor_configuration_cb
 .text.tud_descriptor_string_cb
                0x0000000010004ccc       0x78 CMakeFiles/weight-measurer.dir/usr/share/pico-sdk/src/rp2_common/pico_stdio_usb/stdio_usb_descriptors.c.obj
                0x0000000010004ccc                tud_descriptor_string_cb
 .text.startup._retrieve_unique_id_on_boot
                0x0000000010004d44       0x10 CMakeFiles/weight-measurer.dir/usr/share/pico-sdk/src/rp2_common/pico_unique_id/unique_id.c.obj
 .text.pico_get_unique_board_id_string
                0x0000000010004d54      0x1a8 CMakeFiles/weight-measurer.dir/usr/share/pico-sdk/src/rp2_common/pico_unique_id/unique_id.c.obj
                0x0000000010004d54                pico_get_unique_board_id_string
 .text.flash_get_unique_id
                0x0000000010004efc       0x40 CMakeFiles/weight-measurer.dir/usr/share/pico-sdk/src/rp2_common/hardware_flash/flash.c.obj
                0x0000000010004efc                flash_get_unique_id
 .text.dcd_int_enable
                0x0000000010004f3c        0xc CMakeFiles/weight-measurer.dir/usr/share/pico-sdk/lib/tinyusb/src/portable/raspberrypi/rp2040/dcd_rp2040.c.obj
                0x0000000010004f3c                dcd_int_enable
 .text.dcd_set_address
                0x0000000010004f48       0x14 CMakeFiles/weight-measurer.dir/usr/share/pico-sdk/lib/tinyusb/src/portable/raspberrypi/rp2040/dcd_rp2040.c.obj
                0x0000000010004f48                dcd_set_address
 .text.dcd_connect
                0x0000000010004f5c       0x10 CMakeFiles/weight-measurer.dir/usr/share/pico-sdk/lib/tinyusb/src/portable/raspberrypi/rp2040/dcd_rp2040.c.obj
                0x0000000010004f5c                dcd_connect
 .text.dcd_init
                0x0000000010004f6c       0x98 CMakeFiles/weight-measurer.dir/usr/share/pico-sdk/lib/tinyusb/src/portable/raspberrypi/rp2040/dcd_rp2040.c.obj
                0x0000000010004f6c                dcd_init
 .text.dcd_edpt0_status_complete
                0x0000000010005004       0x1c CMakeFiles/weight-measurer.dir/usr/share/pico-sdk/lib/tinyusb/src/portable/raspberrypi/rp2040/dcd_rp2040.c.obj
                0x0000000010005004                dcd_edpt0_status_complete
 .text.dcd_edpt_open
                0x0000000010005020      0x108 CMakeFiles/weight-measurer.dir/usr/share/pico-sdk/lib/tinyusb/src/portable/raspberrypi/rp2040/dcd_rp2040.c.obj
                0x0000000010005020                dcd_edpt_open
 .text.dcd_edpt_close_all
                0x0000000010005128        0x8 CMakeFiles/weight-measurer.dir/usr/share/pico-sdk/lib/tinyusb/src/portable/raspberrypi/rp2040/dcd_rp2040.c.obj
                0x0000000010005128                dcd_edpt_close_all
 .text.dcd_edpt_xfer
                0x0000000010005130       0x24 CMakeFiles/weight-measurer.dir/usr/share/pico-sdk/lib/tinyusb/src/portable/raspberrypi/rp2040/dcd_rp2040.c.obj
                0x0000000010005130                dcd_edpt_xfer
 .text.dcd_edpt_stall
                0x0000000010005154       0x34 CMakeFiles/weight-measurer.dir/usr/share/pico-sdk/lib/tinyusb/src/portable/raspberrypi/rp2040/dcd_rp2040.c.obj
                0x0000000010005154                dcd_edpt_stall
 .text.dcd_edpt_clear_stall
                0x0000000010005188       0x30 CMakeFiles/weight-measurer.dir/usr/share/pico-sdk/lib/tinyusb/src/portable/raspberrypi/rp2040/dcd_rp2040.c.obj
                0x0000000010005188                dcd_edpt_clear_stall
 .text.rp2040_usb_init
                0x00000000100051b8       0x4c CMakeFiles/weight-measurer.dir/usr/share/pico-sdk/lib/tinyusb/src/portable/raspberrypi/rp2040/rp2040_usb.c.obj
                0x00000000100051b8                rp2040_usb_init
 .text.hw_endpoint_xfer_start
                0x0000000010005204       0x40 CMakeFiles/weight-measurer.dir/usr/share/pico-sdk/lib/tinyusb/src/portable/raspberrypi/rp2040/rp2040_usb.c.obj
                0x0000000010005204                hw_endpoint_xfer_start
 .text.tud_mounted
                0x0000000010005244       0x10 CMakeFiles/weight-measurer.dir/usr/share/pico-sdk/lib/tinyusb/src/device/usbd.c.obj
                0x0000000010005244                tud_mounted
 .text.tud_suspended
                0x0000000010005254       0x10 CMakeFiles/weight-measurer.dir/usr/share/pico-sdk/lib/tinyusb/src/device/usbd.c.obj
                0x0000000010005254                tud_suspended
 .text.tud_inited
                0x0000000010005264       0x14 CMakeFiles/weight-measurer.dir/usr/share/pico-sdk/lib/tinyusb/src/device/usbd.c.obj
                0x0000000010005264                tud_inited
 .text.tud_init
                0x0000000010005278       0xd8 CMakeFiles/weight-measurer.dir/usr/share/pico-sdk/lib/tinyusb/src/device/usbd.c.obj
                0x0000000010005278                tud_init
 .text.tud_task_ext
                0x0000000010005350      0x8a0 CMakeFiles/weight-measurer.dir/usr/share/pico-sdk/lib/tinyusb/src/device/usbd.c.obj
                0x0000000010005350                tud_task_ext
 .text.usbd_open_edpt_pair
                0x0000000010005bf0       0x9c CMakeFiles/weight-measurer.dir/usr/share/pico-sdk/lib/tinyusb/src/device/usbd.c.obj
                0x0000000010005bf0                usbd_open_edpt_pair
 .text.usbd_defer_func
                0x0000000010005c8c       0x48 CMakeFiles/weight-measurer.dir/usr/share/pico-sdk/lib/tinyusb/src/device/usbd.c.obj
                0x0000000010005c8c                usbd_defer_func
 .text.usbd_edpt_open
                0x0000000010005cd4       0x34 CMakeFiles/weight-measurer.dir/usr/share/pico-sdk/lib/tinyusb/src/device/usbd.c.obj
                0x0000000010005cd4                usbd_edpt_open
 .text.usbd_edpt_claim
                0x0000000010005d08       0x28 CMakeFiles/weight-measurer.dir/usr/share/pico-sdk/lib/tinyusb/src/device/usbd.c.obj
                0x0000000010005d08                usbd_edpt_claim
 .text.usbd_edpt_release
                0x0000000010005d30       0x28 CMakeFiles/weight-measurer.dir/usr/share/pico-sdk/lib/tinyusb/src/device/usbd.c.obj
                0x0000000010005d30                usbd_edpt_release
 .text.usbd_edpt_xfer
                0x0000000010005d58       0x4c CMakeFiles/weight-measurer.dir/usr/share/pico-sdk/lib/tinyusb/src/device/usbd.c.obj
                0x0000000010005d58                usbd_edpt_xfer
 .text.tud_control_status
                0x0000000010005da4       0x2c CMakeFiles/weight-measurer.dir/usr/share/pico-sdk/lib/tinyusb/src/device/usbd_control.c.obj
                0x0000000010005da4                tud_control_status
 .text.tud_control_xfer
                0x0000000010005dd0       0xac CMakeFiles/weight-measurer.dir/usr/share/pico-sdk/lib/tinyusb/src/device/usbd_control.c.obj
                0x0000000010005dd0                tud_control_xfer
 .text.usbd_control_reset
                0x0000000010005e7c       0x14 CMakeFiles/weight-measurer.dir/usr/share/pico-sdk/lib/tinyusb/src/device/usbd_control.c.obj
                0x0000000010005e7c                usbd_control_reset
 .text.usbd_control_set_complete_callback
                0x0000000010005e90        0xc CMakeFiles/weight-measurer.dir/usr/share/pico-sdk/lib/tinyusb/src/device/usbd_control.c.obj
                0x0000000010005e90                usbd_control_set_complete_callback
 .text.usbd_control_set_request
                0x0000000010005e9c       0x1c CMakeFiles/weight-measurer.dir/usr/share/pico-sdk/lib/tinyusb/src/device/usbd_control.c.obj
                0x0000000010005e9c                usbd_control_set_request
 .text.usbd_control_xfer_cb
                0x0000000010005eb8       0xf4 CMakeFiles/weight-measurer.dir/usr/share/pico-sdk/lib/tinyusb/src/device/usbd_control.c.obj
                0x0000000010005eb8                usbd_control_xfer_cb
 .text.tud_cdc_n_connected
                0x0000000010005fac       0x30 CMakeFiles/weight-measurer.dir/usr/share/pico-sdk/lib/tinyusb/src/class/cdc/cdc_device.c.obj
                0x0000000010005fac                tud_cdc_n_connected
 .text.tud_cdc_n_available
                0x0000000010005fdc       0x18 CMakeFiles/weight-measurer.dir/usr/share/pico-sdk/lib/tinyusb/src/class/cdc/cdc_device.c.obj
                0x0000000010005fdc                tud_cdc_n_available
 .text.tud_cdc_n_read
                0x0000000010005ff4       0x70 CMakeFiles/weight-measurer.dir/usr/share/pico-sdk/lib/tinyusb/src/class/cdc/cdc_device.c.obj
                0x0000000010005ff4                tud_cdc_n_read
 .text.tud_cdc_n_write_flush
                0x0000000010006064       0x78 CMakeFiles/weight-measurer.dir/usr/share/pico-sdk/lib/tinyusb/src/class/cdc/cdc_device.c.obj
                0x0000000010006064                tud_cdc_n_write_flush
 .text.tud_cdc_n_write
                0x00000000100060dc       0x34 CMakeFiles/weight-measurer.dir/usr/share/pico-sdk/lib/tinyusb/src/class/cdc/cdc_device.c.obj
                0x00000000100060dc                tud_cdc_n_write
 .text.tud_cdc_n_write_available
                0x0000000010006110       0x18 CMakeFiles/weight-measurer.dir/usr/share/pico-sdk/lib/tinyusb/src/class/cdc/cdc_device.c.obj
                0x0000000010006110                tud_cdc_n_write_available
 .text.cdcd_init
                0x0000000010006128       0x7c CMakeFiles/weight-measurer.dir/usr/share/pico-sdk/lib/tinyusb/src/class/cdc/cdc_device.c.obj
                0x0000000010006128                cdcd_init
 .text.cdcd_reset
                0x00000000100061a4       0x2c CMakeFiles/weight-measurer.dir/usr/share/pico-sdk/lib/tinyusb/src/class/cdc/cdc_device.c.obj
                0x00000000100061a4                cdcd_reset
 .text.cdcd_open
                0x00000000100061d0       0xe4 CMakeFiles/weight-measurer.dir/usr/share/pico-sdk/lib/tinyusb/src/class/cdc/cdc_device.c.obj
                0x00000000100061d0                cdcd_open
 .text.cdcd_control_xfer_cb
                0x00000000100062b4       0xe4 CMakeFiles/weight-measurer.dir/usr/share/pico-sdk/lib/tinyusb/src/class/cdc/cdc_device.c.obj
                0x00000000100062b4                cdcd_control_xfer_cb
 .text.cdcd_xfer_cb
                0x0000000010006398      0x13c CMakeFiles/weight-measurer.dir/usr/share/pico-sdk/lib/tinyusb/src/class/cdc/cdc_device.c.obj
                0x0000000010006398                cdcd_xfer_cb
 .text.tusb_init
                0x00000000100064d4        0xc CMakeFiles/weight-measurer.dir/usr/share/pico-sdk/lib/tinyusb/src/tusb.c.obj
                0x00000000100064d4                tusb_init
 .text.tusb_inited
                0x00000000100064e0        0x8 CMakeFiles/weight-measurer.dir/usr/share/pico-sdk/lib/tinyusb/src/tusb.c.obj
                0x00000000100064e0                tusb_inited
 .text.tu_edpt_claim
                0x00000000100064e8       0x50 CMakeFiles/weight-measurer.dir/usr/share/pico-sdk/lib/tinyusb/src/tusb.c.obj
                0x00000000100064e8                tu_edpt_claim
 .text.tu_edpt_release
                0x0000000010006538       0x38 CMakeFiles/weight-measurer.dir/usr/share/pico-sdk/lib/tinyusb/src/tusb.c.obj
                0x0000000010006538                tu_edpt_release
 .text.tu_edpt_validate
                0x0000000010006570       0x7c CMakeFiles/weight-measurer.dir/usr/share/pico-sdk/lib/tinyusb/src/tusb.c.obj
                0x0000000010006570                tu_edpt_validate
 .text.tu_edpt_bind_driver
                0x00000000100065ec       0x34 CMakeFiles/weight-measurer.dir/usr/share/pico-sdk/lib/tinyusb/src/tusb.c.obj
                0x00000000100065ec                tu_edpt_bind_driver
 .text.tu_fifo_config
                0x0000000010006620       0x6c CMakeFiles/weight-measurer.dir/usr/share/pico-sdk/lib/tinyusb/src/common/tusb_fifo.c.obj
                0x0000000010006620                tu_fifo_config
 .text.tu_fifo_count
                0x000000001000668c       0x2c CMakeFiles/weight-measurer.dir/usr/share/pico-sdk/lib/tinyusb/src/common/tusb_fifo.c.obj
                0x000000001000668c                tu_fifo_count
 .text.tu_fifo_empty
                0x00000000100066b8       0x10 CMakeFiles/weight-measurer.dir/usr/share/pico-sdk/lib/tinyusb/src/common/tusb_fifo.c.obj
                0x00000000100066b8                tu_fifo_empty
 .text.tu_fifo_remaining
                0x00000000100066c8       0x2c CMakeFiles/weight-measurer.dir/usr/share/pico-sdk/lib/tinyusb/src/common/tusb_fifo.c.obj
                0x00000000100066c8                tu_fifo_remaining
 .text.tu_fifo_read
                0x00000000100066f4       0x9c CMakeFiles/weight-measurer.dir/usr/share/pico-sdk/lib/tinyusb/src/common/tusb_fifo.c.obj
                0x00000000100066f4                tu_fifo_read
 .text.tu_fifo_read_n
                0x0000000010006790       0xe8 CMakeFiles/weight-measurer.dir/usr/share/pico-sdk/lib/tinyusb/src/common/tusb_fifo.c.obj
                0x0000000010006790                tu_fifo_read_n
 .text.tu_fifo_write
                0x0000000010006878       0x88 CMakeFiles/weight-measurer.dir/usr/share/pico-sdk/lib/tinyusb/src/common/tusb_fifo.c.obj
                0x0000000010006878                tu_fifo_write
 .text.tu_fifo_write_n
                0x0000000010006900      0x178 CMakeFiles/weight-measurer.dir/usr/share/pico-sdk/lib/tinyusb/src/common/tusb_fifo.c.obj
                0x0000000010006900                tu_fifo_write_n
 .text.tu_fifo_clear
                0x0000000010006a78       0x40 CMakeFiles/weight-measurer.dir/usr/share/pico-sdk/lib/tinyusb/src/common/tusb_fifo.c.obj
                0x0000000010006a78                tu_fifo_clear
 .text.tu_fifo_set_overwritable
                0x0000000010006ab8       0x48 CMakeFiles/weight-measurer.dir/usr/share/pico-sdk/lib/tinyusb/src/common/tusb_fifo.c.obj
                0x0000000010006ab8                tu_fifo_set_overwritable
 .text.adc_init
                0x0000000010006b00       0x38 CMakeFiles/weight-measurer.dir/usr/share/pico-sdk/src/rp2_common/hardware_adc/adc.c.obj
                0x0000000010006b00                adc_init
 .text.atexit   0x0000000010006b38       0x10 /usr/lib/gcc/arm-none-eabi/12.2.0/../../../../arm-none-eabi/lib/thumb/v6-m/nofp/libc.a(libc_a-atexit.o)
                0x0000000010006b38                atexit
 .text.__libc_fini_array
                0x0000000010006b48       0x28 /usr/lib/gcc/arm-none-eabi/12.2.0/../../../../arm-none-eabi/lib/thumb/v6-m/nofp/libc.a(libc_a-fini.o)
                0x0000000010006b48                __libc_fini_array
 .text.__retarget_lock_acquire_recursive
                0x0000000010006b70        0x4 /usr/lib/gcc/arm-none-eabi/12.2.0/../../../../arm-none-eabi/lib/thumb/v6-m/nofp/libc.a(libc_a-lock.o)
                0x0000000010006b70                __retarget_lock_acquire_recursive
 .text.__retarget_lock_release_recursive
                0x0000000010006b74        0x4 /usr/lib/gcc/arm-none-eabi/12.2.0/../../../../arm-none-eabi/lib/thumb/v6-m/nofp/libc.a(libc_a-lock.o)
                0x0000000010006b74                __retarget_lock_release_recursive
 .text.strlen   0x0000000010006b78       0x5c /usr/lib/gcc/arm-none-eabi/12.2.0/../../../../arm-none-eabi/lib/thumb/v6-m/nofp/libc.a(libc_a-strlen-stub.o)
                0x0000000010006b78                strlen
 .text.__register_exitproc
                0x0000000010006bd4       0xa8 /usr/lib/gcc/arm-none-eabi/12.2.0/../../../../arm-none-eabi/lib/thumb/v6-m/nofp/libc.a(libc_a-__atexit.o)
                0x0000000010006bd4                __register_exitproc
 .text.startup.register_fini
                0x0000000010006c7c       0x18 /usr/lib/gcc/arm-none-eabi/12.2.0/../../../../arm-none-eabi/lib/thumb/v6-m/nofp/libc.a(libc_a-__call_atexit.o)
 *(.fini)
 .fini          0x0000000010006c94        0x4 /usr/lib/gcc/arm-none-eabi/12.2.0/thumb/v6-m/nofp/crti.o
                0x0000000010006c94                _fini
 .fini.__stub   0x0000000010006c98       0xc0 linker stubs
 *crtbegin.o(.ctors)
 *crtbegin?.o(.ctors)
 *(EXCLUDE_FILE(*crtend.o *crtend?.o) .ctors)
 *(SORT_BY_NAME(.ctors.*))
 *(.ctors)
 *crtbegin.o(.dtors)
 *crtbegin?.o(.dtors)
 *(EXCLUDE_FILE(*crtend.o *crtend?.o) .dtors)
 *(SORT_BY_NAME(.dtors.*))
 *(.dtors)
 *(.eh_frame*)
 .eh_frame      0x0000000010006d58        0x0 /usr/lib/gcc/arm-none-eabi/12.2.0/thumb/v6-m/nofp/crtbegin.o
                0x0000000010006d58                . = ALIGN (0x4)

.glue_7         0x0000000010006d58        0x0
 .glue_7        0x0000000010006d58        0x0 linker stubs

.glue_7t        0x0000000010006d58        0x0
 .glue_7t       0x0000000010006d58        0x0 linker stubs

.vfp11_veneer   0x0000000010006d58        0x0
 .vfp11_veneer  0x0000000010006d58        0x0 linker stubs

.v4_bx          0x0000000010006d58        0x0
 .v4_bx         0x0000000010006d58        0x0 linker stubs

.iplt           0x0000000010006d58        0x0
 .iplt          0x0000000010006d58        0x0 /usr/lib/gcc/arm-none-eabi/12.2.0/thumb/v6-m/nofp/crtbegin.o

.rodata         0x0000000010006d58      0x524
 *(EXCLUDE_FILE(*libm.a: *libc.a:*lib_a-mem*.o *libgcc.a:) .rodata*)
 .rodata.loop.str1.4
                0x0000000010006d58       0x44 CMakeFiles/weight-measurer.dir/main.c.obj
 .rodata.spin_lock_claim_unused.str1.4
                0x0000000010006d9c       0x1b CMakeFiles/weight-measurer.dir/usr/share/pico-sdk/src/rp2_common/hardware_sync/sync.c.obj
 *fill*         0x0000000010006db7        0x1 
 .rodata.user_irq_claim_unused.str1.4
                0x0000000010006db8       0x1b CMakeFiles/weight-measurer.dir/usr/share/pico-sdk/src/rp2_common/hardware_irq/irq.c.obj
 *fill*         0x0000000010006dd3        0x1 
 .rodata.hardware_alarm_claim.str1.4
                0x0000000010006dd4       0x22 CMakeFiles/weight-measurer.dir/usr/share/pico-sdk/src/rp2_common/hardware_timer/timer.c.obj
 *fill*         0x0000000010006df6        0x2 
 .rodata.panic.str1.4
                0x0000000010006df8       0x12 CMakeFiles/weight-measurer.dir/usr/share/pico-sdk/src/rp2_common/pico_runtime/runtime.c.obj
 *fill*         0x0000000010006e0a        0x2 
 .rodata.hard_assertion_failure.str1.4
                0x0000000010006e0c        0xc CMakeFiles/weight-measurer.dir/usr/share/pico-sdk/src/rp2_common/pico_runtime/runtime.c.obj
 .rodata._ftoa.str1.4
                0x0000000010006e18       0x15 CMakeFiles/weight-measurer.dir/usr/share/pico-sdk/src/rp2_common/pico_printf/printf.c.obj
 *fill*         0x0000000010006e2d        0x3 
 .rodata._vsnprintf
                0x0000000010006e30      0x19c CMakeFiles/weight-measurer.dir/usr/share/pico-sdk/src/rp2_common/pico_printf/printf.c.obj
 *fill*         0x0000000010006fcc        0x4 
 .rodata.pow10.0
                0x0000000010006fd0       0x50 CMakeFiles/weight-measurer.dir/usr/share/pico-sdk/src/rp2_common/pico_printf/printf.c.obj
 .rodata.str1.4
                0x0000000010007020       0x44 CMakeFiles/weight-measurer.dir/usr/share/pico-sdk/src/rp2_common/pico_standard_link/binary_info.c.obj
 .rodata.__bi_81
                0x0000000010007064        0xc CMakeFiles/weight-measurer.dir/usr/share/pico-sdk/src/rp2_common/pico_standard_link/binary_info.c.obj
 .rodata.__bi_75
                0x0000000010007070        0xc CMakeFiles/weight-measurer.dir/usr/share/pico-sdk/src/rp2_common/pico_standard_link/binary_info.c.obj
 .rodata.__bi_44
                0x000000001000707c        0xc CMakeFiles/weight-measurer.dir/usr/share/pico-sdk/src/rp2_common/pico_standard_link/binary_info.c.obj
 .rodata.crlf_str.0
                0x0000000010007088        0x2 CMakeFiles/weight-measurer.dir/usr/share/pico-sdk/src/rp2_common/pico_stdio/stdio.c.obj
 *fill*         0x000000001000708a        0x2 
 .rodata._resetd_driver
                0x000000001000708c       0x18 CMakeFiles/weight-measurer.dir/usr/share/pico-sdk/src/rp2_common/pico_stdio_usb/reset_interface.c.obj
 .rodata.str1.4
                0x00000000100070a4       0x13 CMakeFiles/weight-measurer.dir/usr/share/pico-sdk/src/rp2_common/pico_stdio_usb/stdio_usb.c.obj
 *fill*         0x00000000100070b7        0x1 
 .rodata.__bi_188.0
                0x00000000100070b8        0xc CMakeFiles/weight-measurer.dir/usr/share/pico-sdk/src/rp2_common/pico_stdio_usb/stdio_usb.c.obj
 .rodata.str1.4
                0x00000000100070c4       0x2a CMakeFiles/weight-measurer.dir/usr/share/pico-sdk/src/rp2_common/pico_stdio_usb/stdio_usb_descriptors.c.obj
 *fill*         0x00000000100070ee        0x2 
 .rodata.usbd_desc_str
                0x00000000100070f0       0x18 CMakeFiles/weight-measurer.dir/usr/share/pico-sdk/src/rp2_common/pico_stdio_usb/stdio_usb_descriptors.c.obj
 .rodata.usbd_desc_cfg
                0x0000000010007108       0x54 CMakeFiles/weight-measurer.dir/usr/share/pico-sdk/src/rp2_common/pico_stdio_usb/stdio_usb_descriptors.c.obj
 .rodata.usbd_desc_device
                0x000000001000715c       0x12 CMakeFiles/weight-measurer.dir/usr/share/pico-sdk/src/rp2_common/pico_stdio_usb/stdio_usb_descriptors.c.obj
 *fill*         0x000000001000716e        0x2 
 .rodata.str1.4
                0x0000000010007170       0x14 CMakeFiles/weight-measurer.dir/usr/share/pico-sdk/lib/tinyusb/src/portable/raspberrypi/rp2040/dcd_rp2040.c.obj
 .rodata.str1.4
                0x0000000010007184       0x53 CMakeFiles/weight-measurer.dir/usr/share/pico-sdk/lib/tinyusb/src/portable/raspberrypi/rp2040/rp2040_usb.c.obj
 *fill*         0x00000000100071d7        0x1 
 .rodata.tud_task_ext
                0x00000000100071d8       0x8c CMakeFiles/weight-measurer.dir/usr/share/pico-sdk/lib/tinyusb/src/device/usbd.c.obj
 .rodata._usbd_driver
                0x0000000010007264       0x18 CMakeFiles/weight-measurer.dir/usr/share/pico-sdk/lib/tinyusb/src/device/usbd.c.obj
                0x000000001000727c                . = ALIGN (0x4)
 *(SORT_BY_ALIGNMENT(SORT_BY_NAME(.flashdata*)))
                0x000000001000727c                . = ALIGN (0x4)

.rel.dyn        0x000000001000727c        0x0
 .rel.iplt      0x000000001000727c        0x0 /usr/lib/gcc/arm-none-eabi/12.2.0/thumb/v6-m/nofp/crtbegin.o

.ARM.extab
 *(.ARM.extab* .gnu.linkonce.armextab.*)
                0x000000001000727c                __exidx_start = .

.ARM.exidx
 *(.ARM.exidx* .gnu.linkonce.armexidx.*)
                0x000000001000727c                __exidx_end = .
                0x000000001000727c                . = ALIGN (0x4)
                0x000000001000727c                __binary_info_start = .

.binary_info    0x000000001000727c       0x20
 *(.binary_info.keep.*)
 .binary_info.keep.__bi_ptr81
                0x000000001000727c        0x4 CMakeFiles/weight-measurer.dir/usr/share/pico-sdk/src/rp2_common/pico_standard_link/binary_info.c.obj
 .binary_info.keep.__bi_ptr75
                0x0000000010007280        0x4 CMakeFiles/weight-measurer.dir/usr/share/pico-sdk/src/rp2_common/pico_standard_link/binary_info.c.obj
 .binary_info.keep.__bi_ptr50
                0x0000000010007284        0x4 CMakeFiles/weight-measurer.dir/usr/share/pico-sdk/src/rp2_common/pico_standard_link/binary_info.c.obj
 .binary_info.keep.__bi_ptr44
                0x0000000010007288        0x4 CMakeFiles/weight-measurer.dir/usr/share/pico-sdk/src/rp2_common/pico_standard_link/binary_info.c.obj
 .binary_info.keep.__bi_ptr38
                0x000000001000728c        0x4 CMakeFiles/weight-measurer.dir/usr/share/pico-sdk/src/rp2_common/pico_standard_link/binary_info.c.obj
 .binary_info.keep.__bi_ptr30
                0x0000000010007290        0x4 CMakeFiles/weight-measurer.dir/usr/share/pico-sdk/src/rp2_common/pico_standard_link/binary_info.c.obj
 .binary_info.keep.__bi_ptr22
                0x0000000010007294        0x4 CMakeFiles/weight-measurer.dir/usr/share/pico-sdk/src/rp2_common/pico_standard_link/binary_info.c.obj
 *(.binary_info.*)
 .binary_info.__bi_ptr188
                0x0000000010007298        0x4 CMakeFiles/weight-measurer.dir/usr/share/pico-sdk/src/rp2_common/pico_stdio_usb/stdio_usb.c.obj
                0x000000001000729c                __binary_info_end = .
                0x000000001000729c                . = ALIGN (0x4)
                0x000000001000729c                __etext = .

.ram_vector_table
                0x0000000020000000       0xc0
 *(.ram_vector_table)
 .ram_vector_table
                0x0000000020000000       0xc0 CMakeFiles/weight-measurer.dir/usr/share/pico-sdk/src/rp2_common/pico_runtime/runtime.c.obj
                0x0000000020000000                ram_vector_table

.data           0x00000000200000c0      0xe28 load address 0x000000001000729c
                0x00000000200000c0                __data_start__ = .
 *(vtable)
 *(.time_critical*)
 .time_critical.mutex_try_enter
                0x00000000200000c0       0x40 CMakeFiles/weight-measurer.dir/usr/share/pico-sdk/src/common/pico_sync/mutex.c.obj
                0x00000000200000c0                mutex_try_enter
 .time_critical.mutex_try_enter_block_until
                0x0000000020000100       0x9c CMakeFiles/weight-measurer.dir/usr/share/pico-sdk/src/common/pico_sync/mutex.c.obj
                0x0000000020000100                mutex_try_enter_block_until
 .time_critical.mutex_enter_timeout_ms
                0x000000002000019c       0x90 CMakeFiles/weight-measurer.dir/usr/share/pico-sdk/src/common/pico_sync/mutex.c.obj
                0x000000002000019c                mutex_enter_timeout_ms
 .time_critical.mutex_exit
                0x000000002000022c       0x28 CMakeFiles/weight-measurer.dir/usr/share/pico-sdk/src/common/pico_sync/mutex.c.obj
                0x000000002000022c                mutex_exit
 .time_critical.flash_init_boot2_copyout
                0x0000000020000254       0x30 CMakeFiles/weight-measurer.dir/usr/share/pico-sdk/src/rp2_common/hardware_flash/flash.c.obj
 .time_critical.flash_enable_xip_via_boot2
                0x0000000020000284        0xc CMakeFiles/weight-measurer.dir/usr/share/pico-sdk/src/rp2_common/hardware_flash/flash.c.obj
 .time_critical.flash_cs_force
                0x0000000020000290       0x38 CMakeFiles/weight-measurer.dir/usr/share/pico-sdk/src/rp2_common/hardware_flash/flash.c.obj
 .time_critical.flash_do_cmd
                0x00000000200002c8       0xc0 CMakeFiles/weight-measurer.dir/usr/share/pico-sdk/src/rp2_common/hardware_flash/flash.c.obj
                0x00000000200002c8                flash_do_cmd
 .time_critical.reset_non_control_endpoints
                0x0000000020000388       0x68 CMakeFiles/weight-measurer.dir/usr/share/pico-sdk/lib/tinyusb/src/portable/raspberrypi/rp2040/dcd_rp2040.c.obj
 .time_critical.hw_handle_buff_status
                0x00000000200003f0       0xac CMakeFiles/weight-measurer.dir/usr/share/pico-sdk/lib/tinyusb/src/portable/raspberrypi/rp2040/dcd_rp2040.c.obj
 .time_critical.dcd_rp2040_irq
                0x000000002000049c      0x510 CMakeFiles/weight-measurer.dir/usr/share/pico-sdk/lib/tinyusb/src/portable/raspberrypi/rp2040/dcd_rp2040.c.obj
 .time_critical.e15_is_bulkin_ep
                0x00000000200009ac       0x28 CMakeFiles/weight-measurer.dir/usr/share/pico-sdk/lib/tinyusb/src/portable/raspberrypi/rp2040/rp2040_usb.c.obj
 .time_critical.e15_is_critical_frame_period
                0x00000000200009d4       0x34 CMakeFiles/weight-measurer.dir/usr/share/pico-sdk/lib/tinyusb/src/portable/raspberrypi/rp2040/rp2040_usb.c.obj
 .time_critical.prepare_ep_buffer
                0x0000000020000a08       0x6c CMakeFiles/weight-measurer.dir/usr/share/pico-sdk/lib/tinyusb/src/portable/raspberrypi/rp2040/rp2040_usb.c.obj
 .time_critical.sync_ep_buffer
                0x0000000020000a74       0x48 CMakeFiles/weight-measurer.dir/usr/share/pico-sdk/lib/tinyusb/src/portable/raspberrypi/rp2040/rp2040_usb.c.obj
 .time_critical._hw_endpoint_xfer_sync
                0x0000000020000abc       0x28 CMakeFiles/weight-measurer.dir/usr/share/pico-sdk/lib/tinyusb/src/portable/raspberrypi/rp2040/rp2040_usb.c.obj
 .time_critical.hw_endpoint_reset_transfer
                0x0000000020000ae4        0xc CMakeFiles/weight-measurer.dir/usr/share/pico-sdk/lib/tinyusb/src/portable/raspberrypi/rp2040/rp2040_usb.c.obj
                0x0000000020000ae4                hw_endpoint_reset_transfer
 .time_critical._hw_endpoint_buffer_control_update32
                0x0000000020000af0       0x58 CMakeFiles/weight-measurer.dir/usr/share/pico-sdk/lib/tinyusb/src/portable/raspberrypi/rp2040/rp2040_usb.c.obj
                0x0000000020000af0                _hw_endpoint_buffer_control_update32
 .time_critical.hw_endpoint_start_next_buffer
                0x0000000020000b48       0x6c CMakeFiles/weight-measurer.dir/usr/share/pico-sdk/lib/tinyusb/src/portable/raspberrypi/rp2040/rp2040_usb.c.obj
                0x0000000020000b48                hw_endpoint_start_next_buffer
 .time_critical.hw_endpoint_xfer_continue
                0x0000000020000bb4       0x50 CMakeFiles/weight-measurer.dir/usr/share/pico-sdk/lib/tinyusb/src/portable/raspberrypi/rp2040/rp2040_usb.c.obj
                0x0000000020000bb4                hw_endpoint_xfer_continue
 .time_critical.tinyusb
                0x0000000020000c04      0x170 CMakeFiles/weight-measurer.dir/usr/share/pico-sdk/lib/tinyusb/src/device/usbd.c.obj
                0x0000000020000c04                dcd_event_handler
 *(.text*)
 .text          0x0000000020000d74        0x4 /usr/lib/gcc/arm-none-eabi/12.2.0/thumb/v6-m/nofp/libgcc.a(_dvmd_tls.o)
                0x0000000020000d74                __aeabi_ldiv0
                0x0000000020000d74                __aeabi_idiv0
 .text.__stub   0x0000000020000d78       0x70 linker stubs
                0x0000000020000de8                . = ALIGN (0x4)
 *(.rodata*)
                0x0000000020000de8                . = ALIGN (0x4)
 *(.data*)
 .data.striped_spin_lock_num
                0x0000000020000de8        0x1 CMakeFiles/weight-measurer.dir/usr/share/pico-sdk/src/rp2_common/hardware_sync/sync.c.obj
 *fill*         0x0000000020000de9        0x3 
 .data          0x0000000020000dec       0x48 CMakeFiles/weight-measurer.dir/usr/share/pico-sdk/src/rp2_common/hardware_irq/irq_handler_chain.S.obj
                0x0000000020000dec                irq_handler_chain_slots
                0x0000000020000e1c                irq_handler_chain_first_slot
                0x0000000020000e26                irq_handler_chain_remove_tail
 .data.default_alarm_pool
                0x0000000020000e34       0x18 CMakeFiles/weight-measurer.dir/usr/share/pico-sdk/src/common/pico_time/time.c.obj
 .data.default_alarm_pool_heap
                0x0000000020000e4c       0x10 CMakeFiles/weight-measurer.dir/usr/share/pico-sdk/src/common/pico_time/time.c.obj
 *fill*         0x0000000020000e5c        0x4 
 .data.aeabi_bits_funcs
                0x0000000020000e60       0x10 CMakeFiles/weight-measurer.dir/usr/share/pico-sdk/src/rp2_common/pico_bit_ops/bit_ops_aeabi.S.obj
                0x0000000020000e60                aeabi_bits_funcs
                0x0000000020000e70                aeabi_bits_funcs_end
 .data.aeabi_mem_funcs
                0x0000000020000e70       0x10 CMakeFiles/weight-measurer.dir/usr/share/pico-sdk/src/rp2_common/pico_mem_ops/mem_ops_aeabi.S.obj
                0x0000000020000e70                aeabi_mem_funcs
                0x0000000020000e80                aeabi_mem_funcs_end
 .data.stdio_usb
                0x0000000020000e80       0x18 CMakeFiles/weight-measurer.dir/usr/share/pico-sdk/src/rp2_common/pico_stdio_usb/stdio_usb.c.obj
                0x0000000020000e80                stdio_usb
 .data.ep_dir_string
                0x0000000020000e98        0x8 CMakeFiles/weight-measurer.dir/usr/share/pico-sdk/lib/tinyusb/src/portable/raspberrypi/rp2040/rp2040_usb.c.obj
                0x0000000020000e98                ep_dir_string
 .data._usbd_qdef
                0x0000000020000ea0       0x1c CMakeFiles/weight-measurer.dir/usr/share/pico-sdk/lib/tinyusb/src/device/usbd.c.obj
                0x0000000020000ea0                _usbd_qdef
 .data._usbd_rhport
                0x0000000020000ebc        0x1 CMakeFiles/weight-measurer.dir/usr/share/pico-sdk/lib/tinyusb/src/device/usbd.c.obj
 *fill*         0x0000000020000ebd        0x3 
 .data.__atexit_recursive_mutex
                0x0000000020000ec0        0x4 /usr/lib/gcc/arm-none-eabi/12.2.0/../../../../arm-none-eabi/lib/thumb/v6-m/nofp/libc.a(libc_a-__call_atexit.o)
                0x0000000020000ec0                __atexit_recursive_mutex
                0x0000000020000ec4                . = ALIGN (0x4)
 *(.after_data.*)
                0x0000000020000ec4                . = ALIGN (0x4)
                0x0000000020000ec4                PROVIDE (__mutex_array_start = .)
 *(SORT_BY_NAME(.mutex_array.*))
 *(.mutex_array)
 .mutex_array   0x0000000020000ec4        0x8 CMakeFiles/weight-measurer.dir/usr/share/pico-sdk/src/rp2_common/pico_stdio/stdio.c.obj
                0x0000000020000ecc                PROVIDE (__mutex_array_end = .)
                0x0000000020000ecc                . = ALIGN (0x4)
                0x0000000020000ecc                PROVIDE (__preinit_array_start = .)
 *(SORT_BY_NAME(.preinit_array.*))
 .preinit_array.00001
                0x0000000020000ecc        0x4 CMakeFiles/weight-measurer.dir/usr/share/pico-sdk/src/rp2_common/pico_mem_ops/mem_ops_aeabi.S.obj
 .preinit_array.00010
                0x0000000020000ed0        0x4 CMakeFiles/weight-measurer.dir/usr/share/pico-sdk/src/rp2_common/pico_bit_ops/bit_ops_aeabi.S.obj
 .preinit_array.00020
                0x0000000020000ed4        0x4 CMakeFiles/weight-measurer.dir/usr/share/pico-sdk/src/rp2_common/pico_double/double_aeabi.S.obj
 .preinit_array.00020
                0x0000000020000ed8        0x4 CMakeFiles/weight-measurer.dir/usr/share/pico-sdk/src/rp2_common/pico_float/float_aeabi.S.obj
 *(.preinit_array)
                0x0000000020000edc                PROVIDE (__preinit_array_end = .)
                0x0000000020000edc                . = ALIGN (0x4)
                0x0000000020000edc                PROVIDE (__init_array_start = .)
 *(SORT_BY_NAME(.init_array.*))
 .init_array.00000
                0x0000000020000edc        0x4 /usr/lib/gcc/arm-none-eabi/12.2.0/../../../../arm-none-eabi/lib/thumb/v6-m/nofp/libc.a(libc_a-__call_atexit.o)
 *(.init_array)
 .init_array    0x0000000020000ee0        0x4 /usr/lib/gcc/arm-none-eabi/12.2.0/thumb/v6-m/nofp/crtbegin.o
 .init_array    0x0000000020000ee4        0x4 CMakeFiles/weight-measurer.dir/usr/share/pico-sdk/src/rp2_common/pico_unique_id/unique_id.c.obj
                0x0000000020000ee8                PROVIDE (__init_array_end = .)
                0x0000000020000ee8                . = ALIGN (0x4)
                0x0000000020000ee8                PROVIDE (__fini_array_start = .)
 *(SORT_BY_NAME(.fini_array.*))
 *(.fini_array)
                0x0000000020000ee8                PROVIDE (__fini_array_end = .)
 *(.jcr)
                0x0000000020000ee8                . = ALIGN (0x4)
                0x0000000020000ee8                __data_end__ = .

.igot.plt       0x0000000020000ee8        0x0 load address 0x00000000100080c4
 .igot.plt      0x0000000020000ee8        0x0 /usr/lib/gcc/arm-none-eabi/12.2.0/thumb/v6-m/nofp/crtbegin.o

.uninitialized_data
                0x0000000020000ee8        0x0 load address 0x00000000100080c4
                0x0000000020000ee8                . = ALIGN (0x4)
 *(.uninitialized_data*)

.scratch_x      0x0000000020040000        0x0 load address 0x00000000100080c4
                0x0000000020040000                __scratch_x_start__ = .
 *(.scratch_x.*)
                0x0000000020040000                . = ALIGN (0x4)
                0x0000000020040000                __scratch_x_end__ = .
                0x00000000100080c4                __scratch_x_source__ = LOADADDR (.scratch_x)

.scratch_y      0x0000000020041000        0x0 load address 0x00000000100080c4
                0x0000000020041000                __scratch_y_start__ = .
 *(.scratch_y.*)
                0x0000000020041000                . = ALIGN (0x4)
                0x0000000020041000                __scratch_y_end__ = .
                0x00000000100080c4                __scratch_y_source__ = LOADADDR (.scratch_y)

.bss            0x0000000020000ee8      0xf24
                0x0000000020000ee8                . = ALIGN (0x4)
                0x0000000020000ee8                __bss_start__ = .
 *(SORT_BY_ALIGNMENT(SORT_BY_NAME(.bss*)))
 .bss.configured_freq
                0x0000000020000ee8       0x28 CMakeFiles/weight-measurer.dir/usr/share/pico-sdk/src/rp2_common/hardware_clocks/clocks.c.obj
 .bss.default_alarm_pool_entries
                0x0000000020000f10      0x100 CMakeFiles/weight-measurer.dir/usr/share/pico-sdk/src/common/pico_time/time.c.obj
 .bss.grams     0x0000000020001010        0x8 CMakeFiles/weight-measurer.dir/main.c.obj
                0x0000000020001010                grams
 .bss.last_avail_time.1
                0x0000000020001018        0x8 CMakeFiles/weight-measurer.dir/usr/share/pico-sdk/src/rp2_common/pico_stdio_usb/stdio_usb.c.obj
 .bss.sd_table  0x0000000020001020      0x100 CMakeFiles/weight-measurer.dir/usr/share/pico-sdk/src/rp2_common/pico_double/double_init_rom.c.obj
                0x0000000020001020                sd_table
 .bss.sf_table  0x0000000020001120      0x100 CMakeFiles/weight-measurer.dir/usr/share/pico-sdk/src/rp2_common/pico_float/float_init_rom.c.obj
                0x0000000020001120                sf_table
 .bss.__atexit  0x0000000020001220        0x4 /usr/lib/gcc/arm-none-eabi/12.2.0/../../../../arm-none-eabi/lib/thumb/v6-m/nofp/libc.a(libc_a-__call_atexit.o)
                0x0000000020001220                __atexit
 .bss.__atexit0
                0x0000000020001224      0x190 /usr/lib/gcc/arm-none-eabi/12.2.0/../../../../arm-none-eabi/lib/thumb/v6-m/nofp/libc.a(libc_a-__atexit.o)
                0x0000000020001224                __atexit0
 .bss.__lock___atexit_recursive_mutex
                0x00000000200013b4        0x1 /usr/lib/gcc/arm-none-eabi/12.2.0/../../../../arm-none-eabi/lib/thumb/v6-m/nofp/libc.a(libc_a-lock.o)
                0x00000000200013b4                __lock___atexit_recursive_mutex
 *fill*         0x00000000200013b5        0x3 
 .bss._app_driver
                0x00000000200013b8        0x4 CMakeFiles/weight-measurer.dir/usr/share/pico-sdk/lib/tinyusb/src/device/usbd.c.obj
 .bss._cdcd_itf
                0x00000000200013bc      0x2c8 CMakeFiles/weight-measurer.dir/usr/share/pico-sdk/lib/tinyusb/src/class/cdc/cdc_device.c.obj
 .bss._ctrl_xfer
                0x0000000020001684       0x14 CMakeFiles/weight-measurer.dir/usr/share/pico-sdk/lib/tinyusb/src/device/usbd_control.c.obj
 .bss._ubsd_mutexdef
                0x0000000020001698        0x8 CMakeFiles/weight-measurer.dir/usr/share/pico-sdk/lib/tinyusb/src/device/usbd.c.obj
 .bss._usbd_ctrl_buf
                0x00000000200016a0       0x40 CMakeFiles/weight-measurer.dir/usr/share/pico-sdk/lib/tinyusb/src/device/usbd_control.c.obj
 .bss._usbd_dev
                0x00000000200016e0       0x53 CMakeFiles/weight-measurer.dir/usr/share/pico-sdk/lib/tinyusb/src/device/usbd.c.obj
 *fill*         0x0000000020001733        0x1 
 .bss._usbd_mutex
                0x0000000020001734        0x4 CMakeFiles/weight-measurer.dir/usr/share/pico-sdk/lib/tinyusb/src/device/usbd.c.obj
 .bss._usbd_q   0x0000000020001738        0x4 CMakeFiles/weight-measurer.dir/usr/share/pico-sdk/lib/tinyusb/src/device/usbd.c.obj
 .bss._usbd_qdef_buf
                0x000000002000173c       0xc0 CMakeFiles/weight-measurer.dir/usr/share/pico-sdk/lib/tinyusb/src/device/usbd.c.obj
                0x000000002000173c                _usbd_qdef_buf
 .bss.alarm_callbacks
                0x00000000200017fc       0x10 CMakeFiles/weight-measurer.dir/usr/share/pico-sdk/src/rp2_common/hardware_timer/timer.c.obj
 .bss.boot2_copyout
                0x000000002000180c      0x100 CMakeFiles/weight-measurer.dir/usr/share/pico-sdk/src/rp2_common/hardware_flash/flash.c.obj
 .bss.chars_available_callback
                0x000000002000190c        0x4 CMakeFiles/weight-measurer.dir/usr/share/pico-sdk/src/rp2_common/pico_stdio_usb/stdio_usb.c.obj
 .bss.chars_available_param
                0x0000000020001910        0x4 CMakeFiles/weight-measurer.dir/usr/share/pico-sdk/src/rp2_common/pico_stdio_usb/stdio_usb.c.obj
 .bss.claimed   0x0000000020001914        0x4 CMakeFiles/weight-measurer.dir/usr/share/pico-sdk/src/rp2_common/hardware_sync/sync.c.obj
 .bss.default_alarm_pool_entry_ids_high
                0x0000000020001918       0x10 CMakeFiles/weight-measurer.dir/usr/share/pico-sdk/src/common/pico_time/time.c.obj
 .bss.default_alarm_pool_heap_nodes
                0x0000000020001928       0x30 CMakeFiles/weight-measurer.dir/usr/share/pico-sdk/src/common/pico_time/time.c.obj
 .bss.desc_str.0
                0x0000000020001958       0x28 CMakeFiles/weight-measurer.dir/usr/share/pico-sdk/src/rp2_common/pico_stdio_usb/stdio_usb_descriptors.c.obj
 .bss.drivers   0x0000000020001980        0x4 CMakeFiles/weight-measurer.dir/usr/share/pico-sdk/src/rp2_common/pico_stdio/stdio.c.obj
 .bss.e15_last_sof
                0x0000000020001984        0x4 CMakeFiles/weight-measurer.dir/usr/share/pico-sdk/lib/tinyusb/src/portable/raspberrypi/rp2040/rp2040_usb.c.obj
                0x0000000020001984                e15_last_sof
 .bss.filter    0x0000000020001988        0x4 CMakeFiles/weight-measurer.dir/usr/share/pico-sdk/src/rp2_common/pico_stdio/stdio.c.obj
 .bss.hw_endpoints
                0x000000002000198c      0x400 CMakeFiles/weight-measurer.dir/usr/share/pico-sdk/lib/tinyusb/src/portable/raspberrypi/rp2040/dcd_rp2040.c.obj
 .bss.lazy_vsnprintf
                0x0000000020001d8c        0x4 CMakeFiles/weight-measurer.dir/usr/share/pico-sdk/src/rp2_common/pico_printf/printf.c.obj
 .bss.load_value
                0x0000000020001d90        0x4 CMakeFiles/weight-measurer.dir/usr/share/pico-sdk/src/rp2_common/hardware_watchdog/watchdog.c.obj
 .bss.next_buffer_ptr
                0x0000000020001d94        0x4 CMakeFiles/weight-measurer.dir/usr/share/pico-sdk/lib/tinyusb/src/portable/raspberrypi/rp2040/dcd_rp2040.c.obj
 .bss.object.0  0x0000000020001d98       0x18 /usr/lib/gcc/arm-none-eabi/12.2.0/thumb/v6-m/nofp/crtbegin.o
 .bss.one_shot_timer_crit_sec
                0x0000000020001db0        0x8 CMakeFiles/weight-measurer.dir/usr/share/pico-sdk/src/rp2_common/pico_stdio_usb/stdio_usb.c.obj
 .bss.pools     0x0000000020001db8       0x10 CMakeFiles/weight-measurer.dir/usr/share/pico-sdk/src/common/pico_time/time.c.obj
 .bss.retrieved_id
                0x0000000020001dc8        0x8 CMakeFiles/weight-measurer.dir/usr/share/pico-sdk/src/rp2_common/pico_unique_id/unique_id.c.obj
 .bss.sf_clz_func
                0x0000000020001dd0        0x4 CMakeFiles/weight-measurer.dir/usr/share/pico-sdk/src/rp2_common/pico_double/double_init_rom.c.obj
                0x0000000020001dd0                sf_clz_func
 .bss.sleep_notifier
                0x0000000020001dd4        0x4 CMakeFiles/weight-measurer.dir/usr/share/pico-sdk/src/common/pico_time/time.c.obj
 .bss.stdio_usb_mutex
                0x0000000020001dd8        0x8 CMakeFiles/weight-measurer.dir/usr/share/pico-sdk/src/rp2_common/pico_stdio_usb/stdio_usb.c.obj
 .bss.target_hi
                0x0000000020001de0       0x10 CMakeFiles/weight-measurer.dir/usr/share/pico-sdk/src/rp2_common/hardware_timer/timer.c.obj
 .bss.usbd_serial_str
                0x0000000020001df0       0x11 CMakeFiles/weight-measurer.dir/usr/share/pico-sdk/src/rp2_common/pico_stdio_usb/stdio_usb_descriptors.c.obj
 .bss._app_driver_count
                0x0000000020001e01        0x1 CMakeFiles/weight-measurer.dir/usr/share/pico-sdk/lib/tinyusb/src/device/usbd.c.obj
 .bss._sof_enable
                0x0000000020001e02        0x1 CMakeFiles/weight-measurer.dir/usr/share/pico-sdk/lib/tinyusb/src/portable/raspberrypi/rp2040/dcd_rp2040.c.obj
 .bss.boot2_copyout_valid
                0x0000000020001e03        0x1 CMakeFiles/weight-measurer.dir/usr/share/pico-sdk/src/rp2_common/hardware_flash/flash.c.obj
 .bss.claimed   0x0000000020001e04        0x1 CMakeFiles/weight-measurer.dir/usr/share/pico-sdk/src/rp2_common/hardware_timer/timer.c.obj
 .bss.irq_hander_chain_free_slot_head
                0x0000000020001e05        0x1 CMakeFiles/weight-measurer.dir/usr/share/pico-sdk/src/rp2_common/hardware_irq/irq.c.obj
 .bss.itf_num   0x0000000020001e06        0x1 CMakeFiles/weight-measurer.dir/usr/share/pico-sdk/src/rp2_common/pico_stdio_usb/reset_interface.c.obj
 .bss.low_priority_irq_num
                0x0000000020001e07        0x1 CMakeFiles/weight-measurer.dir/usr/share/pico-sdk/src/rp2_common/pico_stdio_usb/stdio_usb.c.obj
 .bss.one_shot_timer_pending
                0x0000000020001e08        0x1 CMakeFiles/weight-measurer.dir/usr/share/pico-sdk/src/rp2_common/pico_stdio_usb/stdio_usb.c.obj
 .bss.timer_callbacks_pending
                0x0000000020001e09        0x1 CMakeFiles/weight-measurer.dir/usr/share/pico-sdk/src/rp2_common/hardware_timer/timer.c.obj
 .bss.user_irq_claimed
                0x0000000020001e0a        0x1 CMakeFiles/weight-measurer.dir/usr/share/pico-sdk/src/rp2_common/hardware_irq/irq.c.obj
 *(COMMON)
                0x0000000020001e0c                . = ALIGN (0x4)
 *fill*         0x0000000020001e0b        0x1 
                0x0000000020001e0c                __bss_end__ = .

.heap           0x0000000020001e0c      0x800
                0x0000000020001e0c                __end__ = .
                0x0000000020001e0c                end = __end__
 *(.heap*)
 .heap          0x0000000020001e0c      0x800 CMakeFiles/weight-measurer.dir/usr/share/pico-sdk/src/rp2_common/pico_standard_link/crt0.S.obj
                0x000000002000260c                __HeapLimit = .

.stack1_dummy
 *(.stack1*)

.stack_dummy    0x0000000020041000      0x800
 *(.stack*)
 .stack         0x0000000020041000      0x800 CMakeFiles/weight-measurer.dir/usr/share/pico-sdk/src/rp2_common/pico_standard_link/crt0.S.obj

.flash_end      0x00000000100080c4        0x0
                0x00000000100080c4                __flash_binary_end = .
                0x0000000020040000                __StackLimit = (ORIGIN (RAM) + LENGTH (RAM))
                0x0000000020041000                __StackOneTop = (ORIGIN (SCRATCH_X) + LENGTH (SCRATCH_X))
                0x0000000020042000                __StackTop = (ORIGIN (SCRATCH_Y) + LENGTH (SCRATCH_Y))
                0x0000000020041000                __StackOneBottom = (__StackOneTop - SIZEOF (.stack1_dummy))
                0x0000000020041800                __StackBottom = (__StackTop - SIZEOF (.stack_dummy))
                0x0000000020042000                PROVIDE (__stack = __StackTop)
                0x0000000000000001                ASSERT ((__StackLimit >= __HeapLimit), region RAM overflowed)
                0x0000000000000001                ASSERT (((__binary_info_header_end - __logical_binary_start) <= 0x100), Binary info must be in first 256 bytes of the binary)
LOAD CMakeFiles/weight-measurer.dir/main.c.obj
LOAD CMakeFiles/weight-measurer.dir/usr/share/pico-sdk/src/rp2_common/pico_stdlib/stdlib.c.obj
LOAD CMakeFiles/weight-measurer.dir/usr/share/pico-sdk/src/rp2_common/hardware_gpio/gpio.c.obj
LOAD CMakeFiles/weight-measurer.dir/usr/share/pico-sdk/src/rp2_common/pico_platform/platform.c.obj
LOAD CMakeFiles/weight-measurer.dir/usr/share/pico-sdk/src/rp2_common/hardware_claim/claim.c.obj
LOAD CMakeFiles/weight-measurer.dir/usr/share/pico-sdk/src/rp2_common/hardware_sync/sync.c.obj
LOAD CMakeFiles/weight-measurer.dir/usr/share/pico-sdk/src/rp2_common/hardware_irq/irq.c.obj
LOAD CMakeFiles/weight-measurer.dir/usr/share/pico-sdk/src/rp2_common/hardware_irq/irq_handler_chain.S.obj
LOAD CMakeFiles/weight-measurer.dir/usr/share/pico-sdk/src/common/pico_sync/sem.c.obj
LOAD CMakeFiles/weight-measurer.dir/usr/share/pico-sdk/src/common/pico_sync/lock_core.c.obj
LOAD CMakeFiles/weight-measurer.dir/usr/share/pico-sdk/src/common/pico_sync/mutex.c.obj
LOAD CMakeFiles/weight-measurer.dir/usr/share/pico-sdk/src/common/pico_sync/critical_section.c.obj
LOAD CMakeFiles/weight-measurer.dir/usr/share/pico-sdk/src/common/pico_time/time.c.obj
LOAD CMakeFiles/weight-measurer.dir/usr/share/pico-sdk/src/common/pico_time/timeout_helper.c.obj
LOAD CMakeFiles/weight-measurer.dir/usr/share/pico-sdk/src/rp2_common/hardware_timer/timer.c.obj
LOAD CMakeFiles/weight-measurer.dir/usr/share/pico-sdk/src/common/pico_util/datetime.c.obj
LOAD CMakeFiles/weight-measurer.dir/usr/share/pico-sdk/src/common/pico_util/pheap.c.obj
LOAD CMakeFiles/weight-measurer.dir/usr/share/pico-sdk/src/common/pico_util/queue.c.obj
LOAD CMakeFiles/weight-measurer.dir/usr/share/pico-sdk/src/rp2_common/hardware_uart/uart.c.obj
LOAD CMakeFiles/weight-measurer.dir/usr/share/pico-sdk/src/rp2_common/hardware_clocks/clocks.c.obj
LOAD CMakeFiles/weight-measurer.dir/usr/share/pico-sdk/src/rp2_common/hardware_pll/pll.c.obj
LOAD CMakeFiles/weight-measurer.dir/usr/share/pico-sdk/src/rp2_common/hardware_vreg/vreg.c.obj
LOAD CMakeFiles/weight-measurer.dir/usr/share/pico-sdk/src/rp2_common/hardware_watchdog/watchdog.c.obj
LOAD CMakeFiles/weight-measurer.dir/usr/share/pico-sdk/src/rp2_common/hardware_xosc/xosc.c.obj
LOAD CMakeFiles/weight-measurer.dir/usr/share/pico-sdk/src/rp2_common/hardware_divider/divider.S.obj
LOAD CMakeFiles/weight-measurer.dir/usr/share/pico-sdk/src/rp2_common/pico_runtime/runtime.c.obj
LOAD CMakeFiles/weight-measurer.dir/usr/share/pico-sdk/src/rp2_common/pico_printf/printf.c.obj
LOAD CMakeFiles/weight-measurer.dir/usr/share/pico-sdk/src/rp2_common/pico_bit_ops/bit_ops_aeabi.S.obj
LOAD CMakeFiles/weight-measurer.dir/usr/share/pico-sdk/src/rp2_common/pico_bootrom/bootrom.c.obj
LOAD CMakeFiles/weight-measurer.dir/usr/share/pico-sdk/src/rp2_common/pico_divider/divider.S.obj
LOAD CMakeFiles/weight-measurer.dir/usr/share/pico-sdk/src/rp2_common/pico_double/double_aeabi.S.obj
LOAD CMakeFiles/weight-measurer.dir/usr/share/pico-sdk/src/rp2_common/pico_double/double_init_rom.c.obj
LOAD CMakeFiles/weight-measurer.dir/usr/share/pico-sdk/src/rp2_common/pico_double/double_math.c.obj
LOAD CMakeFiles/weight-measurer.dir/usr/share/pico-sdk/src/rp2_common/pico_double/double_v1_rom_shim.S.obj
LOAD CMakeFiles/weight-measurer.dir/usr/share/pico-sdk/src/rp2_common/pico_int64_ops/pico_int64_ops_aeabi.S.obj
LOAD CMakeFiles/weight-measurer.dir/usr/share/pico-sdk/src/rp2_common/pico_float/float_aeabi.S.obj
LOAD CMakeFiles/weight-measurer.dir/usr/share/pico-sdk/src/rp2_common/pico_float/float_init_rom.c.obj
LOAD CMakeFiles/weight-measurer.dir/usr/share/pico-sdk/src/rp2_common/pico_float/float_math.c.obj
LOAD CMakeFiles/weight-measurer.dir/usr/share/pico-sdk/src/rp2_common/pico_float/float_v1_rom_shim.S.obj
LOAD CMakeFiles/weight-measurer.dir/usr/share/pico-sdk/src/rp2_common/pico_malloc/pico_malloc.c.obj
LOAD CMakeFiles/weight-measurer.dir/usr/share/pico-sdk/src/rp2_common/pico_mem_ops/mem_ops_aeabi.S.obj
LOAD CMakeFiles/weight-measurer.dir/usr/share/pico-sdk/src/rp2_common/pico_standard_link/crt0.S.obj
LOAD CMakeFiles/weight-measurer.dir/usr/share/pico-sdk/src/rp2_common/pico_standard_link/new_delete.cpp.obj
LOAD CMakeFiles/weight-measurer.dir/usr/share/pico-sdk/src/rp2_common/pico_standard_link/binary_info.c.obj
LOAD CMakeFiles/weight-measurer.dir/usr/share/pico-sdk/src/rp2_common/pico_stdio/stdio.c.obj
LOAD CMakeFiles/weight-measurer.dir/usr/share/pico-sdk/src/rp2_common/pico_stdio_usb/reset_interface.c.obj
LOAD CMakeFiles/weight-measurer.dir/usr/share/pico-sdk/src/rp2_common/pico_stdio_usb/stdio_usb.c.obj
LOAD CMakeFiles/weight-measurer.dir/usr/share/pico-sdk/src/rp2_common/pico_stdio_usb/stdio_usb_descriptors.c.obj
LOAD CMakeFiles/weight-measurer.dir/usr/share/pico-sdk/src/rp2_common/pico_unique_id/unique_id.c.obj
LOAD CMakeFiles/weight-measurer.dir/usr/share/pico-sdk/src/rp2_common/hardware_flash/flash.c.obj
LOAD CMakeFiles/weight-measurer.dir/usr/share/pico-sdk/lib/tinyusb/src/portable/raspberrypi/rp2040/dcd_rp2040.c.obj
LOAD CMakeFiles/weight-measurer.dir/usr/share/pico-sdk/lib/tinyusb/src/portable/raspberrypi/rp2040/rp2040_usb.c.obj
LOAD CMakeFiles/weight-measurer.dir/usr/share/pico-sdk/lib/tinyusb/src/device/usbd.c.obj
LOAD CMakeFiles/weight-measurer.dir/usr/share/pico-sdk/lib/tinyusb/src/device/usbd_control.c.obj
LOAD CMakeFiles/weight-measurer.dir/usr/share/pico-sdk/lib/tinyusb/src/class/audio/audio_device.c.obj
LOAD CMakeFiles/weight-measurer.dir/usr/share/pico-sdk/lib/tinyusb/src/class/cdc/cdc_device.c.obj
LOAD CMakeFiles/weight-measurer.dir/usr/share/pico-sdk/lib/tinyusb/src/class/dfu/dfu_device.c.obj
LOAD CMakeFiles/weight-measurer.dir/usr/share/pico-sdk/lib/tinyusb/src/class/dfu/dfu_rt_device.c.obj
LOAD CMakeFiles/weight-measurer.dir/usr/share/pico-sdk/lib/tinyusb/src/class/hid/hid_device.c.obj
LOAD CMakeFiles/weight-measurer.dir/usr/share/pico-sdk/lib/tinyusb/src/class/midi/midi_device.c.obj
LOAD CMakeFiles/weight-measurer.dir/usr/share/pico-sdk/lib/tinyusb/src/class/msc/msc_device.c.obj
LOAD CMakeFiles/weight-measurer.dir/usr/share/pico-sdk/lib/tinyusb/src/class/net/ecm_rndis_device.c.obj
LOAD CMakeFiles/weight-measurer.dir/usr/share/pico-sdk/lib/tinyusb/src/class/net/ncm_device.c.obj
LOAD CMakeFiles/weight-measurer.dir/usr/share/pico-sdk/lib/tinyusb/src/class/usbtmc/usbtmc_device.c.obj
LOAD CMakeFiles/weight-measurer.dir/usr/share/pico-sdk/lib/tinyusb/src/class/vendor/vendor_device.c.obj
LOAD CMakeFiles/weight-measurer.dir/usr/share/pico-sdk/lib/tinyusb/src/class/video/video_device.c.obj
LOAD CMakeFiles/weight-measurer.dir/usr/share/pico-sdk/lib/tinyusb/src/tusb.c.obj
LOAD CMakeFiles/weight-measurer.dir/usr/share/pico-sdk/lib/tinyusb/src/common/tusb_fifo.c.obj
LOAD CMakeFiles/weight-measurer.dir/usr/share/pico-sdk/src/rp2_common/pico_fix/rp2040_usb_device_enumeration/rp2040_usb_device_enumeration.c.obj
LOAD CMakeFiles/weight-measurer.dir/usr/share/pico-sdk/src/rp2_common/hardware_adc/adc.c.obj
LOAD /tmp/cci49Hhf.o
LOAD /usr/lib/gcc/arm-none-eabi/12.2.0/../../../../arm-none-eabi/lib/thumb/v6-m/nofp/libstdc++.a
LOAD /usr/lib/gcc/arm-none-eabi/12.2.0/../../../../arm-none-eabi/lib/thumb/v6-m/nofp/libm.a
START GROUP
LOAD /usr/lib/gcc/arm-none-eabi/12.2.0/thumb/v6-m/nofp/libgcc.a
LOAD /usr/lib/gcc/arm-none-eabi/12.2.0/../../../../arm-none-eabi/lib/thumb/v6-m/nofp/libc.a
END GROUP
START GROUP
LOAD /usr/lib/gcc/arm-none-eabi/12.2.0/thumb/v6-m/nofp/libgcc.a
LOAD /usr/lib/gcc/arm-none-eabi/12.2.0/../../../../arm-none-eabi/lib/thumb/v6-m/nofp/libc.a
LOAD /usr/lib/gcc/arm-none-eabi/12.2.0/../../../../arm-none-eabi/lib/thumb/v6-m/nofp/libnosys.a
END GROUP
LOAD /usr/lib/gcc/arm-none-eabi/12.2.0/thumb/v6-m/nofp/crtend.o
LOAD /usr/lib/gcc/arm-none-eabi/12.2.0/thumb/v6-m/nofp/crtn.o
OUTPUT(weight-measurer.elf elf32-littlearm)
LOAD linker stubs

.ARM.attributes
                0x0000000000000000       0x28
 .ARM.attributes
                0x0000000000000000       0x1e /usr/lib/gcc/arm-none-eabi/12.2.0/thumb/v6-m/nofp/crti.o
 .ARM.attributes
                0x000000000000001e       0x2c /usr/lib/gcc/arm-none-eabi/12.2.0/thumb/v6-m/nofp/crtbegin.o
 .ARM.attributes
                0x000000000000004a       0x2c CMakeFiles/weight-measurer.dir/main.c.obj
 .ARM.attributes
                0x0000000000000076       0x2c CMakeFiles/weight-measurer.dir/usr/share/pico-sdk/src/rp2_common/hardware_gpio/gpio.c.obj
 .ARM.attributes
                0x00000000000000a2       0x2c CMakeFiles/weight-measurer.dir/usr/share/pico-sdk/src/rp2_common/pico_platform/platform.c.obj
 .ARM.attributes
                0x00000000000000ce       0x2c CMakeFiles/weight-measurer.dir/usr/share/pico-sdk/src/rp2_common/hardware_claim/claim.c.obj
 .ARM.attributes
                0x00000000000000fa       0x2c CMakeFiles/weight-measurer.dir/usr/share/pico-sdk/src/rp2_common/hardware_sync/sync.c.obj
 .ARM.attributes
                0x0000000000000126       0x2c CMakeFiles/weight-measurer.dir/usr/share/pico-sdk/src/rp2_common/hardware_irq/irq.c.obj
 .ARM.attributes
                0x0000000000000152       0x22 CMakeFiles/weight-measurer.dir/usr/share/pico-sdk/src/rp2_common/hardware_irq/irq_handler_chain.S.obj
 .ARM.attributes
                0x0000000000000174       0x2c CMakeFiles/weight-measurer.dir/usr/share/pico-sdk/src/common/pico_sync/lock_core.c.obj
 .ARM.attributes
                0x00000000000001a0       0x2c CMakeFiles/weight-measurer.dir/usr/share/pico-sdk/src/common/pico_sync/mutex.c.obj
 .ARM.attributes
                0x00000000000001cc       0x2c CMakeFiles/weight-measurer.dir/usr/share/pico-sdk/src/common/pico_sync/critical_section.c.obj
 .ARM.attributes
                0x00000000000001f8       0x2c CMakeFiles/weight-measurer.dir/usr/share/pico-sdk/src/common/pico_time/time.c.obj
 .ARM.attributes
                0x0000000000000224       0x2c CMakeFiles/weight-measurer.dir/usr/share/pico-sdk/src/rp2_common/hardware_timer/timer.c.obj
 .ARM.attributes
                0x0000000000000250       0x2c CMakeFiles/weight-measurer.dir/usr/share/pico-sdk/src/common/pico_util/pheap.c.obj
 .ARM.attributes
                0x000000000000027c       0x2c CMakeFiles/weight-measurer.dir/usr/share/pico-sdk/src/rp2_common/hardware_clocks/clocks.c.obj
 .ARM.attributes
                0x00000000000002a8       0x2c CMakeFiles/weight-measurer.dir/usr/share/pico-sdk/src/rp2_common/hardware_pll/pll.c.obj
 .ARM.attributes
                0x00000000000002d4       0x2c CMakeFiles/weight-measurer.dir/usr/share/pico-sdk/src/rp2_common/hardware_watchdog/watchdog.c.obj
 .ARM.attributes
                0x0000000000000300       0x2c CMakeFiles/weight-measurer.dir/usr/share/pico-sdk/src/rp2_common/hardware_xosc/xosc.c.obj
 .ARM.attributes
                0x000000000000032c       0x2c CMakeFiles/weight-measurer.dir/usr/share/pico-sdk/src/rp2_common/pico_runtime/runtime.c.obj
 .ARM.attributes
                0x0000000000000358       0x2c CMakeFiles/weight-measurer.dir/usr/share/pico-sdk/src/rp2_common/pico_printf/printf.c.obj
 .ARM.attributes
                0x0000000000000384       0x22 CMakeFiles/weight-measurer.dir/usr/share/pico-sdk/src/rp2_common/pico_bit_ops/bit_ops_aeabi.S.obj
 .ARM.attributes
                0x00000000000003a6       0x2c CMakeFiles/weight-measurer.dir/usr/share/pico-sdk/src/rp2_common/pico_bootrom/bootrom.c.obj
 .ARM.attributes
                0x00000000000003d2       0x22 CMakeFiles/weight-measurer.dir/usr/share/pico-sdk/src/rp2_common/pico_divider/divider.S.obj
 .ARM.attributes
                0x00000000000003f4       0x22 CMakeFiles/weight-measurer.dir/usr/share/pico-sdk/src/rp2_common/pico_double/double_aeabi.S.obj
 .ARM.attributes
                0x0000000000000416       0x2c CMakeFiles/weight-measurer.dir/usr/share/pico-sdk/src/rp2_common/pico_double/double_init_rom.c.obj
 .ARM.attributes
                0x0000000000000442       0x22 CMakeFiles/weight-measurer.dir/usr/share/pico-sdk/src/rp2_common/pico_double/double_v1_rom_shim.S.obj
 .ARM.attributes
                0x0000000000000464       0x22 CMakeFiles/weight-measurer.dir/usr/share/pico-sdk/src/rp2_common/pico_int64_ops/pico_int64_ops_aeabi.S.obj
 .ARM.attributes
                0x0000000000000486       0x22 CMakeFiles/weight-measurer.dir/usr/share/pico-sdk/src/rp2_common/pico_float/float_aeabi.S.obj
 .ARM.attributes
                0x00000000000004a8       0x2c CMakeFiles/weight-measurer.dir/usr/share/pico-sdk/src/rp2_common/pico_float/float_init_rom.c.obj
 .ARM.attributes
                0x00000000000004d4       0x22 CMakeFiles/weight-measurer.dir/usr/share/pico-sdk/src/rp2_common/pico_float/float_v1_rom_shim.S.obj
 .ARM.attributes
                0x00000000000004f6       0x22 CMakeFiles/weight-measurer.dir/usr/share/pico-sdk/src/rp2_common/pico_mem_ops/mem_ops_aeabi.S.obj
 .ARM.attributes